Archive member included to satisfy reference by file (symbol)

obj_socket_24/gnu_arcem9d_wei_r16/platform/hwacc/DP/hx_drv_dp.o
                              obj_socket_24/gnu_arcem9d_wei_r16/app/scenario_app/sample_code_rtos/app_aiot_humandetect.o (hx_drv_dp_set_mclk_src)
obj_socket_24/gnu_arcem9d_wei_r16/platform/hwacc/JPEG/hx_drv_jpeg.o
                              obj_socket_24/gnu_arcem9d_wei_r16/app/scenario_app/sample_code_rtos/aiot_humandetect_cv.o (hx_drv_jpeg_get_FillFileSizeToMem)
obj_socket_24/gnu_arcem9d_wei_r16/platform/hwacc/xDMA/hx_drv_xdma.o
                              obj_socket_24/gnu_arcem9d_wei_r16/app/scenario_app/sample_code_rtos/aiot_humandetect_cv.o (hx_drv_xdma_get_WDMA2NextFrameIdx)
obj_socket_24/gnu_arcem9d_wei_r16/platform/peripheral/iomux/hx_drv_iomux.o
                              obj_socket_24/gnu_arcem9d_wei_r16/app/scenario_app/event_handler/evt_datapath/evt_datapath.o (hx_drv_iomux_cb_register)
obj_socket_24/gnu_arcem9d_wei_r16/platform/peripheral/spi_m/spi_master_protocol.o
                              obj_socket_24/gnu_arcem9d_wei_r16/app/scenario_app/event_handler/evt_spimcomm/evt_spimcomm.o (hx_drv_spi_mst_open)
obj_socket_24/gnu_arcem9d_wei_r16/platform/peripheral/spi_m/hx_drv_spi_m.o
                              obj_socket_24/gnu_arcem9d_wei_r16/platform/peripheral/spi_m/spi_master_protocol.o (hx_spimcomm_register_tx_cb)
obj_socket_24/gnu_arcem9d_wei_r16/platform/peripheral/spi_m/dw_spi.o
                              obj_socket_24/gnu_arcem9d_wei_r16/platform/peripheral/spi_m/hx_drv_spi_m.o (dw_spi_open)
obj_socket_24/gnu_arcem9d_wei_r16/platform/peripheral/spi_s/hx_drv_spi_s.o
                              obj_socket_24/gnu_arcem9d_wei_r16/app/scenario_app/event_handler/evt_spiscomm/evt_spiscomm.o (hx_drv_spi_slv_get_dev)
obj_socket_24/gnu_arcem9d_wei_r16/platform/peripheral/spi_s/ss_spi_slave.o
                              obj_socket_24/gnu_arcem9d_wei_r16/platform/peripheral/spi_s/hx_drv_spi_s.o (ss_spi_slave_open)
obj_socket_24/gnu_arcem9d_wei_r16/platform/peripheral/spi_s/spi_slave_protocol.o
                              obj_socket_24/gnu_arcem9d_wei_r16/app/scenario_app/sample_code_rtos/app_aiot_humandetect.o (hx_drv_spi_slv_open)
obj_socket_24/gnu_arcem9d_wei_r16/platform/peripheral/spi_s/spi_slave.o
                              obj_socket_24/gnu_arcem9d_wei_r16/platform/peripheral/spi_s/ss_spi_slave.o (io_spi_slave_open)
obj_socket_24/gnu_arcem9d_wei_r16/platform/sys/adcc/hx_drv_adcc.o
                              obj_socket_24/gnu_arcem9d_wei_r16/app/scenario_app/event_handler/evt_datapath/evt_datapath.o (hx_drv_adcc_get_defCfg)
obj_socket_24/gnu_arcem9d_wei_r16/platform/sys/clkgen/hx_drv_ckgen.o
                              obj_socket_24/gnu_arcem9d_wei_r16/platform/sys/adcc/hx_drv_adcc.o (hx_drv_ckgen_set_gated)
obj_socket_24/gnu_arcem9d_wei_r16/platform/sys/inp1bitparser/hx_drv_inp1bitparser.o
                              obj_socket_24/gnu_arcem9d_wei_r16/app/scenario_app/sample_code_rtos/aiot_humandetect_cv.o (hx_drv_inp1bitparser_set_enable)
obj_socket_24/gnu_arcem9d_wei_r16/platform/sys/pmu/hx_drv_pmu.o
                              obj_socket_24/gnu_arcem9d_wei_r16/app/scenario_app/sample_code_rtos/app_rx_config.o (hx_drv_pmu_set_ctrl)
obj_socket_24/gnu_arcem9d_wei_r16/platform/sys/rtc/hx_drv_rtc.o
                              obj_socket_24/gnu_arcem9d_wei_r16/app/scenario_app/event_handler/evt_datapath/evt_datapath.o (hx_drv_rtc_start)
obj_socket_24/gnu_arcem9d_wei_r16/platform/sys/sensorctrl/hx_drv_sensorctrl.o
                              obj_socket_24/gnu_arcem9d_wei_r16/app/scenario_app/sample_code_rtos/app_rx_config.o (hx_drv_sensorctrl_set_xShutdown)
obj_socket_24/gnu_arcem9d_wei_r16/platform/sys/timer/hx_drv_timer.o
                              obj_socket_24/gnu_arcem9d_wei_r16/app/scenario_app/event_handler/evt_peripheral_cmd/peripheral_cmd_handler.o (board_delay_ms)
obj_socket_24/gnu_arcem9d_wei_r16/external/cis/hm_common/hx_drv_CIS_common.o
                              obj_socket_24/gnu_arcem9d_wei_r16/app/scenario_app/sample_code_rtos/app_aiot_humandetect.o (hx_drv_cis_init)
obj_socket_24/gnu_arcem9d_wei_r16/board/board.o
                              obj_socket_24/gnu_arcem9d_wei_r16/app/scenario_app/event_handler/evt_i2ccomm/evt_i2ccomm.o (hx_board_get_version)
obj_socket_24/gnu_arcem9d_wei_r16/libtx.a(txe_byte_allocate.o)
                              obj_socket_24/gnu_arcem9d_wei_r16/board/board.o (_txe_byte_allocate)
obj_socket_24/gnu_arcem9d_wei_r16/libtx.a(txe_byte_pool_create.o)
                              obj_socket_24/gnu_arcem9d_wei_r16/board/board.o (_txe_byte_pool_create)
obj_socket_24/gnu_arcem9d_wei_r16/libtx.a(txe_mutex_create.o)
                              obj_socket_24/gnu_arcem9d_wei_r16/app/scenario_app/sample_code_rtos/app_aiot_humandetect.o (_txe_mutex_create)
obj_socket_24/gnu_arcem9d_wei_r16/libtx.a(txe_thread_create.o)
[...]
Memory Configuration

Name             Origin             Length             Attributes
ICCM0            0x0000000000000000 0x0000000000010000
ICCM1            0x0000000010000000 0x0000000000050000
SYSTEM0          0x0000000020020800 0x00000000000e9af0
DCCM             0x0000000080000000 0x0000000000040000
XCCM             0x0000000090000000 0x0000000000008000
YCCM             0x00000000a0000000 0x0000000000008000
*default*        0x0000000000000000 0xffffffffffffffff

Linker script and memory map

LOAD /home/owen/GNU_CrossCompiler/arc_gnu_2020.09_prebuilt_elf32_le_linux_install/bin/../lib/gcc/arc-elf32/10.2.0/../../../../arc-elf32/lib/em4_fpus/libm.a

.ivt            0x0000000010000004      0x148
 *(.init_vector)
 *(.init_bootstrap)
 .init_bootstrap
                0x0000000010000004      0x148 obj_socket_24/gnu_arcem9d_wei_r16/arc/startup/arc_startup.o
                0x0000000010000004                _arc_start
                0x0000000010000004                _arc_reset
                0x0000000010000138                _arc_exit_halt
                0x0000000010000138                _exit_loop

.vector         0x0000000010000400      0x400
                0x0000000010000400                . = ALIGN (0x400)
 *(.vector)
 .vector        0x0000000010000400      0x400 obj_socket_24/gnu_arcem9d_wei_r16/arc/arc_exception.o
                0x0000000010000400                exc_entry_table

.hash
 *(.hash)

.dynsym
 *(.dynsym)

.dynstr
 *(.dynstr)

.gnu.version
 *(.gnu.version)

.gnu.version_d
 *(.gnu.version_d)

.gnu.version_r
 *(.gnu.version_r)

.rel.init
 *(.rel.init)

.rela.init
 *(.rela.init)

.rel.text
 *(.rel.text .rel.text.* .rel.gnu.linkonce.t.*)

.rela.text
 *(.rela.text .rela.text.* .rela.gnu.linkonce.t.*)

.rel.fini
 *(.rel.fini)

.rela.fini
 *(.rela.fini)

.rel.rodata
 *(.rel.rodata .rel.rodata.* .rel.gnu.linkonce.r.*)

.rela.rodata
 *(.rela.rodata .rela.rodata.* .rela.gnu.linkonce.r.*)

.rel.data
 *(.rel.data .rel.data.* .rel.gnu.linkonce.d.*)

.rela.data
 *(.rela.data .rela.data.* .rela.gnu.linkonce.d.*)

.rel.tdata
 *(.rel.tdata .rel.tdata.* .rel.gnu.linkonce.td.*)

.rela.tdata
 *(.rela.tdata .rela.tdata.* .rela.gnu.linkonce.td.*)

.rel.tbss
 *(.rel.tbss .rel.tbss.* .rel.gnu.linkonce.tb.*)

.rela.tbss
 *(.rela.tbss .rela.tbss.* .rela.gnu.linkonce.tb.*)

.rel.ctors
 *(.rel.ctors)

.rela.ctors
 *(.rela.ctors)

.rel.dtors
 *(.rel.dtors)

.rela.dtors
 *(.rela.dtors)

.rel.got
 *(.rel.got)

.rela.got
 *(.rela.got)

.rel.sdata
 *(.rel.sdata .rel.sdata.* .rel.gnu.linkonce.s.*)

.rela.sdata
 *(.rela.sdata .rela.sdata.* .rela.gnu.linkonce.s.*)

.rel.sbss
 *(.rel.sbss .rel.sbss.* .rel.gnu.linkonce.sb.*)

.rela.sbss
 *(.rela.sbss .rela.sbss.* .rela.gnu.linkonce.sb.*)

.rel.sdata2
 *(.rel.sdata2 .rel.sdata2.* .rel.gnu.linkonce.s2.*)

.rela.sdata2
 *(.rela.sdata2 .rela.sdata2.* .rela.gnu.linkonce.s2.*)

.rel.sbss2
 *(.rel.sbss2 .rel.sbss2.* .rel.gnu.linkonce.sb2.*)

.rela.sbss2
 *(.rela.sbss2 .rela.sbss2.* .rela.gnu.linkonce.sb2.*)

.rel.bss
 *(.rel.bss .rel.bss.* .rel.gnu.linkonce.b.*)

.rela.bss
 *(.rela.bss .rela.bss.* .rela.gnu.linkonce.b.*)

.text           0x0000000010000800    0x1d520
                0x0000000010000800                . = ALIGN (0x4)
                0x0000000010000800                PROVIDE (_f_text = .)
 *(TYPE bss)
 *(SORT_NONE(.init))
                0x0000000010000800                . = ALIGN (0x4)
 *crt0.o(.text.__startup)
                0x0000000010000800                . = ALIGN (0x4)
 *(.text .stub .text.* .gnu.linkonce.t.*)
 .text.startup.main
                0x0000000010000800       0x20 obj_socket_24/gnu_arcem9d_wei_r16//app/main.o
                0x0000000010000800                main
 .text.app_algo_init
                0x0000000010000820       0x14 obj_socket_24/gnu_arcem9d_wei_r16/app/scenario_app/sample_code_rtos/app_algo.o
                0x0000000010000820                app_algo_init
 .text.app_algo_Run
                0x0000000010000834       0x1c obj_socket_24/gnu_arcem9d_wei_r16/app/scenario_app/sample_code_rtos/app_algo.o
                0x0000000010000834                app_algo_Run
 .text.app_we1_default_cfg
                0x0000000010000850      0x86c obj_socket_24/gnu_arcem9d_wei_r16/app/scenario_app/sample_code_rtos/iot_custom_defconfig.o
                0x0000000010000850                app_we1_default_cfg
 .text.app_iot_table_def_config
                0x00000000100010bc       0xa8 obj_socket_24/gnu_arcem9d_wei_r16/app/scenario_app/sample_code_rtos/iot_custom_defconfig.o
                0x00000000100010bc                app_iot_table_def_config
 .text.app_algo_table_def_config
                0x0000000010001164       0x3c obj_socket_24/gnu_arcem9d_wei_r16/app/scenario_app/sample_code_rtos/iot_custom_defconfig.o
                0x0000000010001164                app_algo_table_def_config
 .text.app_init_dpcbflag
                0x00000000100011a0       0x5c obj_socket_24/gnu_arcem9d_wei_r16/app/scenario_app/sample_code_rtos/aiot_humandetect_cv.o
                0x00000000100011a0                app_init_dpcbflag
 .text.app_setup_hw5x5jpeg_path
                0x00000000100011fc      0x24c obj_socket_24/gnu_arcem9d_wei_r16/app/scenario_app/sample_code_rtos/aiot_humandetect_cv.o
                0x00000000100011fc                app_setup_hw5x5jpeg_path
 .text.app_start_cv
                0x0000000010001448        0x4 obj_socket_24/gnu_arcem9d_wei_r16/app/scenario_app/sample_code_rtos/aiot_humandetect_cv.o
                0x0000000010001448                app_start_cv
 .text.send_result_to_soc
                0x000000001000144c      0x1cc obj_socket_24/gnu_arcem9d_wei_r16/app/scenario_app/sample_code_rtos/aiot_humandetect_cv.o
                0x000000001000144c                send_result_to_soc
 .text.app_hw5x5jpeg_algo_check
                0x0000000010001618      0x16c obj_socket_24/gnu_arcem9d_wei_r16/app/scenario_app/sample_code_rtos/aiot_humandetect_cv.o
                0x0000000010001618                app_hw5x5jpeg_algo_check
 .text.app_hw5x5jpeg_eventhdl_cb
                0x0000000010001784       0xf8 obj_socket_24/gnu_arcem9d_wei_r16/app/scenario_app/sample_code_rtos/aiot_humandetect_cv.o
                0x0000000010001784                app_hw5x5jpeg_eventhdl_cb
 .text.app_iot_humandetect_systemreset
                0x000000001000187c        0x4 obj_socket_24/gnu_arcem9d_wei_r16/app/scenario_app/sample_code_rtos/aiot_humandetect_cv.o
                0x000000001000187c                app_iot_humandetect_systemreset
 .text.app_set_dp_mclk_src
                0x0000000010001880       0x54 obj_socket_24/gnu_arcem9d_wei_r16/app/scenario_app/sample_code_rtos/app_aiot_humandetect.o
                0x0000000010001880                app_set_dp_mclk_src
 .text.app_load_cfg_from_flash
                0x00000000100018d4       0xf0 obj_socket_24/gnu_arcem9d_wei_r16/app/scenario_app/sample_code_rtos/app_aiot_humandetect.o
                0x00000000100018d4                app_load_cfg_from_flash
 .text.app_get_gpio
                0x00000000100019c4       0xa4 obj_socket_24/gnu_arcem9d_wei_r16/app/scenario_app/sample_code_rtos/app_aiot_humandetect.o
                0x00000000100019c4                app_get_gpio
 .text.app_init_flag
                0x0000000010001a68       0x94 obj_socket_24/gnu_arcem9d_wei_r16/app/scenario_app/sample_code_rtos/app_aiot_humandetect.o
                0x0000000010001a68                app_init_flag
 .text.app_iot_humandetect_init
                0x0000000010001afc      0x1b8 obj_socket_24/gnu_arcem9d_wei_r16/app/scenario_app/sample_code_rtos/app_aiot_humandetect.o
                0x0000000010001afc                app_iot_humandetect_init
 .text.app_iot_humandetect
                0x0000000010001cb4       0x7c obj_socket_24/gnu_arcem9d_wei_r16/app/scenario_app/sample_code_rtos/app_aiot_humandetect.o
                0x0000000010001cb4                app_iot_humandetect
 .text.CRC8     0x0000000010001d30      0x144 obj_socket_24/gnu_arcem9d_wei_r16/app/scenario_app/sample_code_rtos/iot_custom_config_crc_chksum.o
                0x0000000010001d30                CRC8
 .text.HxGetCRC8
                0x0000000010001e74       0x6c obj_socket_24/gnu_arcem9d_wei_r16/app/scenario_app/sample_code_rtos/iot_custom_config_crc_chksum.o
                0x0000000010001e74                HxGetCRC8
 .text.i2ccomm_get_cis_default_setting
                0x0000000010001ee0       0x68 obj_socket_24/gnu_arcem9d_wei_r16/app/scenario_app/sample_code_rtos/evt_customer_i2ccomm.o
                0x0000000010001ee0                i2ccomm_get_cis_default_setting
 .text.i2ccomm_set_cis_testpattern
                0x0000000010001f48      0x69c obj_socket_24/gnu_arcem9d_wei_r16/app/scenario_app/sample_code_rtos/evt_customer_i2ccomm.o
                0x0000000010001f48                i2ccomm_set_cis_testpattern
 .text.i2ccomm_cmd_process_customer
                0x00000000100025e4      0x204 obj_socket_24/gnu_arcem9d_wei_r16/app/scenario_app/sample_code_rtos/evt_customer_i2ccomm.o
                0x00000000100025e4                i2ccomm_cmd_process_customer
 .text.i2ccomm_cmd_customer_init
                0x00000000100027e8       0x14 obj_socket_24/gnu_arcem9d_wei_r16/app/scenario_app/sample_code_rtos/evt_customer_i2ccomm.o
                0x00000000100027e8                i2ccomm_cmd_customer_init
 .text.app_sensor_streaming
                0x00000000100027fc       0x68 obj_socket_24/gnu_arcem9d_wei_r16/app/scenario_app/sample_code_rtos/app_rx_config.o
                0x00000000100027fc                app_sensor_streaming
 .text.app_sensor_strobe_on
                0x0000000010002864       0xa0 obj_socket_24/gnu_arcem9d_wei_r16/app/scenario_app/sample_code_rtos/app_rx_config.o
                0x0000000010002864                app_sensor_strobe_on
 .text.app_sensor_standby
                0x0000000010002904       0x68 obj_socket_24/gnu_arcem9d_wei_r16/app/scenario_app/sample_code_rtos/app_rx_config.o
                0x0000000010002904                app_sensor_standby
 .text.app_config_sensor_WE1_rx
                0x000000001000296c      0x1c0 obj_socket_24/gnu_arcem9d_wei_r16/app/scenario_app/sample_code_rtos/app_rx_config.o
                0x000000001000296c                app_config_sensor_WE1_rx
 .text.app_rx_set_wlcsp38_sharepin
                0x0000000010002b2c       0x64 obj_socket_24/gnu_arcem9d_wei_r16/app/scenario_app/sample_code_rtos/app_rx_config.o
                0x0000000010002b2c                app_rx_set_wlcsp38_sharepin
 .text.app_copy_sensor_default_cfg
                0x0000000010002b90      0x120 obj_socket_24/gnu_arcem9d_wei_r16/app/scenario_app/sample_code_rtos/app_cis_sensor_defcfg.o
                0x0000000010002b90                app_copy_sensor_default_cfg
 .text.idle     0x0000000010002cb0        0x4 obj_socket_24/gnu_arcem9d_wei_r16/app/scenario_app/event_handler/event_handler.o
 .text.event_handler_init
                0x0000000010002cb4      0x734 obj_socket_24/gnu_arcem9d_wei_r16/app/scenario_app/event_handler/event_handler.o
                0x0000000010002cb4                event_handler_init
 .text.event_handler_start
                0x00000000100033e8        0x4 obj_socket_24/gnu_arcem9d_wei_r16/app/scenario_app/event_handler/event_handler.o
                0x00000000100033e8                event_handler_start
 .text.event_dplib_cb
                0x00000000100033ec       0xe0 obj_socket_24/gnu_arcem9d_wei_r16/app/scenario_app/event_handler/evt_datapath/evt_datapath.o
 .text.evt_dp_clear_all_dpevent
                0x00000000100034cc       0x30 obj_socket_24/gnu_arcem9d_wei_r16/app/scenario_app/event_handler/evt_datapath/evt_datapath.o
                0x00000000100034cc                evt_dp_clear_all_dpevent
 .text.evt_1bitParser_err_cb
                0x00000000100034fc       0x24 obj_socket_24/gnu_arcem9d_wei_r16/app/scenario_app/event_handler/evt_datapath/evt_datapath.o
                0x00000000100034fc                evt_1bitParser_err_cb
 .text.evt_CDM_fifo_err_cb
                0x0000000010003520       0x24 obj_socket_24/gnu_arcem9d_wei_r16/app/scenario_app/event_handler/evt_datapath/evt_datapath.o
                0x0000000010003520                evt_CDM_fifo_err_cb
 .text.evt_WDMA1_err_cb
                0x0000000010003544       0x24 obj_socket_24/gnu_arcem9d_wei_r16/app/scenario_app/event_handler/evt_datapath/evt_datapath.o
                0x0000000010003544                evt_WDMA1_err_cb
 .text.evt_WDMA2_err_cb
                0x0000000010003568       0x24 obj_socket_24/gnu_arcem9d_wei_r16/app/scenario_app/event_handler/evt_datapath/evt_datapath.o
                0x0000000010003568                evt_WDMA2_err_cb
 .text.evt_WDMA3_err_cb
                0x000000001000358c       0x24 obj_socket_24/gnu_arcem9d_wei_r16/app/scenario_app/event_handler/evt_datapath/evt_datapath.o
                0x000000001000358c                evt_WDMA3_err_cb
 .text.evt_RDMA_err_cb
                0x00000000100035b0       0x24 obj_socket_24/gnu_arcem9d_wei_r16/app/scenario_app/event_handler/evt_datapath/evt_datapath.o
                0x00000000100035b0                evt_RDMA_err_cb
 .text.evt_RSDMA_err_cb
                0x00000000100035d4       0x24 obj_socket_24/gnu_arcem9d_wei_r16/app/scenario_app/event_handler/evt_datapath/evt_datapath.o
                0x00000000100035d4                evt_RSDMA_err_cb
 .text.evt_HOGDMA_err_cb
                0x00000000100035f8       0x24 obj_socket_24/gnu_arcem9d_wei_r16/app/scenario_app/event_handler/evt_datapath/evt_datapath.o
                0x00000000100035f8                evt_HOGDMA_err_cb
 .text.evt_EDM_WDT1_err_cb
                0x000000001000361c       0x24 obj_socket_24/gnu_arcem9d_wei_r16/app/scenario_app/event_handler/evt_datapath/evt_datapath.o
                0x000000001000361c                evt_EDM_WDT1_err_cb
 .text.evt_EDM_WDT2_err_cb
                0x0000000010003640       0x24 obj_socket_24/gnu_arcem9d_wei_r16/app/scenario_app/event_handler/evt_datapath/evt_datapath.o
                0x0000000010003640                evt_EDM_WDT2_err_cb
 .text.evt_EDM_WDT3_err_cb
                0x0000000010003664       0x24 obj_socket_24/gnu_arcem9d_wei_r16/app/scenario_app/event_handler/evt_datapath/evt_datapath.o
                0x0000000010003664                evt_EDM_WDT3_err_cb
 .text.evt_CDM_Motion_cb
                0x0000000010003688       0x24 obj_socket_24/gnu_arcem9d_wei_r16/app/scenario_app/event_handler/evt_datapath/evt_datapath.o
                0x0000000010003688                evt_CDM_Motion_cb
 .text.evt_RSDMA_Ready_cb
                0x00000000100036ac       0x24 obj_socket_24/gnu_arcem9d_wei_r16/app/scenario_app/event_handler/evt_datapath/evt_datapath.o
                0x00000000100036ac                evt_RSDMA_Ready_cb
 .text.evt_HOGDMA_Ready_cb
                0x00000000100036d0       0x24 obj_socket_24/gnu_arcem9d_wei_r16/app/scenario_app/event_handler/evt_datapath/evt_datapath.o
                0x00000000100036d0                evt_HOGDMA_Ready_cb
 .text.evt_Sensor_RTC_Fire_cb
                0x00000000100036f4       0x24 obj_socket_24/gnu_arcem9d_wei_r16/app/scenario_app/event_handler/evt_datapath/evt_datapath.o
                0x00000000100036f4                evt_Sensor_RTC_Fire_cb
 .text.evt_xDMA_FrameReady_cb
                0x0000000010003718       0x24 obj_socket_24/gnu_arcem9d_wei_r16/app/scenario_app/event_handler/evt_datapath/evt_datapath.o
                0x0000000010003718                evt_xDMA_FrameReady_cb
 .text.evt_PGPIO0_cb
                0x000000001000373c       0x1c obj_socket_24/gnu_arcem9d_wei_r16/app/scenario_app/event_handler/evt_datapath/evt_datapath.o
                0x000000001000373c                evt_PGPIO0_cb
 .text.evt_PGPIO1_cb
                0x0000000010003758       0x1c obj_socket_24/gnu_arcem9d_wei_r16/app/scenario_app/event_handler/evt_datapath/evt_datapath.o
                0x0000000010003758                evt_PGPIO1_cb
 .text.evt_PGPIO2_cb
                0x0000000010003774       0x1c obj_socket_24/gnu_arcem9d_wei_r16/app/scenario_app/event_handler/evt_datapath/evt_datapath.o
                0x0000000010003774                evt_PGPIO2_cb
 .text.evt_PGPIO3_cb
                0x0000000010003790       0x1c obj_socket_24/gnu_arcem9d_wei_r16/app/scenario_app/event_handler/evt_datapath/evt_datapath.o
                0x0000000010003790                evt_PGPIO3_cb
 .text.evt_PGPIO4_cb
                0x00000000100037ac       0x1c obj_socket_24/gnu_arcem9d_wei_r16/app/scenario_app/event_handler/evt_datapath/evt_datapath.o
                0x00000000100037ac                evt_PGPIO4_cb
 .text.evt_PGPIO5_cb
                0x00000000100037c8       0x1c obj_socket_24/gnu_arcem9d_wei_r16/app/scenario_app/event_handler/evt_datapath/evt_datapath.o
                0x00000000100037c8                evt_PGPIO5_cb
 .text.evt_PGPIO6_cb
                0x00000000100037e4       0x1c obj_socket_24/gnu_arcem9d_wei_r16/app/scenario_app/event_handler/evt_datapath/evt_datapath.o
                0x00000000100037e4                evt_PGPIO6_cb
 .text.evt_PGPIO7_cb
                0x0000000010003800       0x1c obj_socket_24/gnu_arcem9d_wei_r16/app/scenario_app/event_handler/evt_datapath/evt_datapath.o
                0x0000000010003800                evt_PGPIO7_cb
 .text.evt_PGPIO8_cb
                0x000000001000381c       0x1c obj_socket_24/gnu_arcem9d_wei_r16/app/scenario_app/event_handler/evt_datapath/evt_datapath.o
                0x000000001000381c                evt_PGPIO8_cb
 .text.evt_PGPIO9_cb
                0x0000000010003838       0x1c obj_socket_24/gnu_arcem9d_wei_r16/app/scenario_app/event_handler/evt_datapath/evt_datapath.o
                0x0000000010003838                evt_PGPIO9_cb
 .text.evt_PGPIO10_cb
                0x0000000010003854       0x1c obj_socket_24/gnu_arcem9d_wei_r16/app/scenario_app/event_handler/evt_datapath/evt_datapath.o
                0x0000000010003854                evt_PGPIO10_cb
 .text.evt_PGPIO11_cb
                0x0000000010003870       0x1c obj_socket_24/gnu_arcem9d_wei_r16/app/scenario_app/event_handler/evt_datapath/evt_datapath.o
                0x0000000010003870                evt_PGPIO11_cb
 .text.evt_PGPIO12_cb
                0x000000001000388c       0x1c obj_socket_24/gnu_arcem9d_wei_r16/app/scenario_app/event_handler/evt_datapath/evt_datapath.o
                0x000000001000388c                evt_PGPIO12_cb
 .text.evt_PGPIO13_cb
                0x00000000100038a8       0x1c obj_socket_24/gnu_arcem9d_wei_r16/app/scenario_app/event_handler/evt_datapath/evt_datapath.o
                0x00000000100038a8                evt_PGPIO13_cb
 .text.evt_PGPIO14_cb
                0x00000000100038c4       0x1c obj_socket_24/gnu_arcem9d_wei_r16/app/scenario_app/event_handler/evt_datapath/evt_datapath.o
                0x00000000100038c4                evt_PGPIO14_cb
 .text.evt_SGPIO0_cb
                0x00000000100038e0       0x1c obj_socket_24/gnu_arcem9d_wei_r16/app/scenario_app/event_handler/evt_datapath/evt_datapath.o
                0x00000000100038e0                evt_SGPIO0_cb
 .text.evt_SGPIO1_cb
                0x00000000100038fc       0x1c obj_socket_24/gnu_arcem9d_wei_r16/app/scenario_app/event_handler/evt_datapath/evt_datapath.o
                0x00000000100038fc                evt_SGPIO1_cb
 .text.evt_ADC_Ch0_cb
                0x0000000010003918       0x28 obj_socket_24/gnu_arcem9d_wei_r16/app/scenario_app/event_handler/evt_datapath/evt_datapath.o
                0x0000000010003918                evt_ADC_Ch0_cb
 .text.evt_ADC_Ch1_cb
                0x0000000010003940       0x28 obj_socket_24/gnu_arcem9d_wei_r16/app/scenario_app/event_handler/evt_datapath/evt_datapath.o
                0x0000000010003940                evt_ADC_Ch1_cb
 .text.evt_ADC_Ch2_cb
                0x0000000010003968       0x28 obj_socket_24/gnu_arcem9d_wei_r16/app/scenario_app/event_handler/evt_datapath/evt_datapath.o
                0x0000000010003968                evt_ADC_Ch2_cb
 .text.evt_ADC_Ch3_cb
                0x0000000010003990       0x28 obj_socket_24/gnu_arcem9d_wei_r16/app/scenario_app/event_handler/evt_datapath/evt_datapath.o
                0x0000000010003990                evt_ADC_Ch3_cb
 .text.evt_ADC_CFG_cb
                0x00000000100039b8       0x28 obj_socket_24/gnu_arcem9d_wei_r16/app/scenario_app/event_handler/evt_datapath/evt_datapath.o
                0x00000000100039b8                evt_ADC_CFG_cb
 .text.evt_SensorRTC_cb
                0x00000000100039e0       0x28 obj_socket_24/gnu_arcem9d_wei_r16/app/scenario_app/event_handler/evt_datapath/evt_datapath.o
                0x00000000100039e0                evt_SensorRTC_cb
 .text.evt_ADCRTC_cb
                0x0000000010003a08       0x28 obj_socket_24/gnu_arcem9d_wei_r16/app/scenario_app/event_handler/evt_datapath/evt_datapath.o
                0x0000000010003a08                evt_ADCRTC_cb
 .text.hx_dplib_evthandler_register_cb
                0x0000000010003a30       0x14 obj_socket_24/gnu_arcem9d_wei_r16/app/scenario_app/event_handler/evt_datapath/evt_datapath.o
                0x0000000010003a30                hx_dplib_evthandler_register_cb
 .text.evt_i2ccomm_tx_cb
                0x0000000010003a44        0xc obj_socket_24/gnu_arcem9d_wei_r16/app/scenario_app/event_handler/evt_i2ccomm/evt_i2ccomm.o
                0x0000000010003a44                evt_i2ccomm_tx_cb
 .text.i2ccomm_callback_fun_err
                0x0000000010003a50        0xc obj_socket_24/gnu_arcem9d_wei_r16/app/scenario_app/event_handler/evt_i2ccomm/evt_i2ccomm.o
 .text.i2ccomm_callback_fun_rx
                0x0000000010003a5c        0xc obj_socket_24/gnu_arcem9d_wei_r16/app/scenario_app/event_handler/evt_i2ccomm/evt_i2ccomm.o
 .text.i2ccomm_callback_fun_tx
                0x0000000010003a68        0xc obj_socket_24/gnu_arcem9d_wei_r16/app/scenario_app/event_handler/evt_i2ccomm/evt_i2ccomm.o
 .text.evt_i2ccomm_init
                0x0000000010003a74       0x5c obj_socket_24/gnu_arcem9d_wei_r16/app/scenario_app/event_handler/evt_i2ccomm/evt_i2ccomm.o
                0x0000000010003a74                evt_i2ccomm_init
 .text.evt_i2ccomm_err_cb
                0x0000000010003ad0        0x4 obj_socket_24/gnu_arcem9d_wei_r16/app/scenario_app/event_handler/evt_i2ccomm/evt_i2ccomm.o
                0x0000000010003ad0                evt_i2ccomm_err_cb
 .text.evt_i2ccomm_rx_cb
                0x0000000010003ad4      0x498 obj_socket_24/gnu_arcem9d_wei_r16/app/scenario_app/event_handler/evt_i2ccomm/evt_i2ccomm.o
                0x0000000010003ad4                evt_i2ccomm_rx_cb
 .text.i2ccomm_cmd_customer_register_cb
                0x0000000010003f6c        0xc obj_socket_24/gnu_arcem9d_wei_r16/app/scenario_app/event_handler/evt_i2ccomm/evt_i2ccomm.o
                0x0000000010003f6c                i2ccomm_cmd_customer_register_cb
 .text.peripheral_cmd_init
                0x0000000010003f78       0x68 obj_socket_24/gnu_arcem9d_wei_r16/app/scenario_app/event_handler/evt_peripheral_cmd/peripheral_cmd_handler.o
                0x0000000010003f78                peripheral_cmd_init
 .text.get_cmd_flag
                0x0000000010003fe0        0xc obj_socket_24/gnu_arcem9d_wei_r16/app/scenario_app/event_handler/evt_peripheral_cmd/peripheral_cmd_handler.o
                0x0000000010003fe0                get_cmd_flag
 .text.set_cfg_sub_cmd
                0x0000000010003fec       0x8c obj_socket_24/gnu_arcem9d_wei_r16/app/scenario_app/event_handler/evt_peripheral_cmd/peripheral_cmd_handler.o
                0x0000000010003fec                set_cfg_sub_cmd
 .text.get_cfg_sub_cmd
                0x0000000010004078      0x128 obj_socket_24/gnu_arcem9d_wei_r16/app/scenario_app/event_handler/evt_peripheral_cmd/peripheral_cmd_handler.o
                0x0000000010004078                get_cfg_sub_cmd
 .text.spi_protocol_write
                0x00000000100041a0        0x4 obj_socket_24/gnu_arcem9d_wei_r16/app/scenario_app/event_handler/evt_peripheral_cmd/peripheral_cmd_handler.o
                0x00000000100041a0                spi_protocol_write
 .text.set_debug_mode_cmd
                0x00000000100041a4       0x8c obj_socket_24/gnu_arcem9d_wei_r16/app/scenario_app/event_handler/evt_peripheral_cmd/peripheral_cmd_handler.o
                0x00000000100041a4                set_debug_mode_cmd
 .text.read_cmd_handler
                0x0000000010004230      0x2ac obj_socket_24/gnu_arcem9d_wei_r16/app/scenario_app/event_handler/evt_peripheral_cmd/peripheral_cmd_handler.o
                0x0000000010004230                read_cmd_handler
 .text.spimcomm_callback_fun_rx
                0x00000000100044dc        0xc obj_socket_24/gnu_arcem9d_wei_r16/app/scenario_app/event_handler/evt_spimcomm/evt_spimcomm.o
 .text.spimcomm_callback_fun_tx
                0x00000000100044e8        0xc obj_socket_24/gnu_arcem9d_wei_r16/app/scenario_app/event_handler/evt_spimcomm/evt_spimcomm.o
 .text.evt_spimcomm_init
                0x00000000100044f4       0x20 obj_socket_24/gnu_arcem9d_wei_r16/app/scenario_app/event_handler/evt_spimcomm/evt_spimcomm.o
                0x00000000100044f4                evt_spimcomm_init
 .text.evt_spimcomm_tx_cb
                0x0000000010004514        0x4 obj_socket_24/gnu_arcem9d_wei_r16/app/scenario_app/event_handler/evt_spimcomm/evt_spimcomm.o
                0x0000000010004514                evt_spimcomm_tx_cb
 .text.evt_spimcomm_rx_cb
                0x0000000010004518        0x4 obj_socket_24/gnu_arcem9d_wei_r16/app/scenario_app/event_handler/evt_spimcomm/evt_spimcomm.o
                0x0000000010004518                evt_spimcomm_rx_cb
 .text.spiscomm_callback_fun_rx
                0x000000001000451c        0xc obj_socket_24/gnu_arcem9d_wei_r16/app/scenario_app/event_handler/evt_spiscomm/evt_spiscomm.o
 .text.evt_spiscomm_init
                0x0000000010004528       0x20 obj_socket_24/gnu_arcem9d_wei_r16/app/scenario_app/event_handler/evt_spiscomm/evt_spiscomm.o
                0x0000000010004528                evt_spiscomm_init
 .text.evt_spiscomm_rx_cb
                0x0000000010004548       0x3c obj_socket_24/gnu_arcem9d_wei_r16/app/scenario_app/event_handler/evt_spiscomm/evt_spiscomm.o
                0x0000000010004548                evt_spiscomm_rx_cb
 .text.evt_spiscomm_cmd_read
                0x0000000010004584       0x14 obj_socket_24/gnu_arcem9d_wei_r16/app/scenario_app/event_handler/evt_spiscomm/evt_spiscomm.o
                0x0000000010004584                evt_spiscomm_cmd_read
 .text.hx_drv_dp_set_MuxCfg
                0x0000000010004598       0x84 obj_socket_24/gnu_arcem9d_wei_r16/platform/hwacc/DP/hx_drv_dp.o
                0x0000000010004598                hx_drv_dp_set_MuxCfg
 .text.hx_drv_dp_dp_start_swreset
                0x000000001000461c       0x1c obj_socket_24/gnu_arcem9d_wei_r16/platform/hwacc/DP/hx_drv_dp.o
                0x000000001000461c                hx_drv_dp_dp_start_swreset
 .text.hx_drv_dp_dp_stop_swreset
                0x0000000010004638       0x30 obj_socket_24/gnu_arcem9d_wei_r16/platform/hwacc/DP/hx_drv_dp.o
                0x0000000010004638                hx_drv_dp_dp_stop_swreset
 .text.hx_drv_dp_get_rx_clk_src
                0x0000000010004668       0x14 obj_socket_24/gnu_arcem9d_wei_r16/platform/hwacc/DP/hx_drv_dp.o
                0x0000000010004668                hx_drv_dp_get_rx_clk_src
 .text.hx_drv_dp_set_mclk_src
                0x000000001000467c       0x54 obj_socket_24/gnu_arcem9d_wei_r16/platform/hwacc/DP/hx_drv_dp.o
                0x000000001000467c                hx_drv_dp_set_mclk_src
 .text.hx_drv_dp_set_dp_clk_src
                0x00000000100046d0       0x28 obj_socket_24/gnu_arcem9d_wei_r16/platform/hwacc/DP/hx_drv_dp.o
                0x00000000100046d0                hx_drv_dp_set_dp_clk_src
 .text.hx_drv_jpeg_set_allCfg
                0x00000000100046f8       0xc8 obj_socket_24/gnu_arcem9d_wei_r16/platform/hwacc/JPEG/hx_drv_jpeg.o
                0x00000000100046f8                hx_drv_jpeg_set_allCfg
 .text.hx_drv_jpeg_get_EncOutMaxMEMSize
                0x00000000100047c0       0xd8 obj_socket_24/gnu_arcem9d_wei_r16/platform/hwacc/JPEG/hx_drv_jpeg.o
                0x00000000100047c0                hx_drv_jpeg_get_EncOutMaxMEMSize
 .text.hx_drv_jpeg_set_FillFileSizeToMem
                0x0000000010004898       0x58 obj_socket_24/gnu_arcem9d_wei_r16/platform/hwacc/JPEG/hx_drv_jpeg.o
                0x0000000010004898                hx_drv_jpeg_set_FillFileSizeToMem
 .text.hx_drv_jpeg_get_FillFileSizeToMem
                0x00000000100048f0       0x10 obj_socket_24/gnu_arcem9d_wei_r16/platform/hwacc/JPEG/hx_drv_jpeg.o
                0x00000000100048f0                hx_drv_jpeg_get_FillFileSizeToMem
 .text.hx_drv_jpeg_get_MemAddrByFrameNo
                0x0000000010004900       0x3c obj_socket_24/gnu_arcem9d_wei_r16/platform/hwacc/JPEG/hx_drv_jpeg.o
                0x0000000010004900                hx_drv_jpeg_get_MemAddrByFrameNo
 .text.hx_drv_xdma_WDMA2_abnormal_isr
                0x000000001000493c       0x28 obj_socket_24/gnu_arcem9d_wei_r16/platform/hwacc/xDMA/hx_drv_xdma.o
 .text.hx_drv_xdma_WDMA2_normal_isr
                0x0000000010004964       0x28 obj_socket_24/gnu_arcem9d_wei_r16/platform/hwacc/xDMA/hx_drv_xdma.o
 .text.hx_drv_xdma_WDMA3_abnormal_isr
                0x000000001000498c       0x24 obj_socket_24/gnu_arcem9d_wei_r16/platform/hwacc/xDMA/hx_drv_xdma.o
 .text.hx_drv_xdma_WDMA3_normal_isr
                0x00000000100049b0       0x24 obj_socket_24/gnu_arcem9d_wei_r16/platform/hwacc/xDMA/hx_drv_xdma.o
 .text.hx_drv_xdma_set_enable
                0x00000000100049d4       0x44 obj_socket_24/gnu_arcem9d_wei_r16/platform/hwacc/xDMA/hx_drv_xdma.o
                0x00000000100049d4                hx_drv_xdma_set_enable
 .text.hx_drv_xdma_get_WDMA2NextFrameIdx
                0x0000000010004a18       0x18 obj_socket_24/gnu_arcem9d_wei_r16/platform/hwacc/xDMA/hx_drv_xdma.o
                0x0000000010004a18                hx_drv_xdma_get_WDMA2NextFrameIdx
 .text.hx_drv_xdma_set_WDMA2allCfg
                0x0000000010004a30       0xb8 obj_socket_24/gnu_arcem9d_wei_r16/platform/hwacc/xDMA/hx_drv_xdma.o
                0x0000000010004a30                hx_drv_xdma_set_WDMA2allCfg
 .text.hx_drv_xdma_get_WDMA2AddrSizeCnt
                0x0000000010004ae8       0x30 obj_socket_24/gnu_arcem9d_wei_r16/platform/hwacc/xDMA/hx_drv_xdma.o
                0x0000000010004ae8                hx_drv_xdma_get_WDMA2AddrSizeCnt
 .text.hx_drv_xdma_WDMA2_clear_Normalint
                0x0000000010004b18       0x10 obj_socket_24/gnu_arcem9d_wei_r16/platform/hwacc/xDMA/hx_drv_xdma.o
                0x0000000010004b18                hx_drv_xdma_WDMA2_clear_Normalint
 .text.hx_drv_xdma_WDMA2_clear_AbNormalint
                0x0000000010004b28       0x10 obj_socket_24/gnu_arcem9d_wei_r16/platform/hwacc/xDMA/hx_drv_xdma.o
                0x0000000010004b28                hx_drv_xdma_WDMA2_clear_AbNormalint
 .text.hx_drv_xdma_WDMA2_register_cb
                0x0000000010004b38       0x60 obj_socket_24/gnu_arcem9d_wei_r16/platform/hwacc/xDMA/hx_drv_xdma.o
                0x0000000010004b38                hx_drv_xdma_WDMA2_register_cb
 .text.hx_drv_xdma_set_WDMA2_clearloopflag
                0x0000000010004b98       0x14 obj_socket_24/gnu_arcem9d_wei_r16/platform/hwacc/xDMA/hx_drv_xdma.o
                0x0000000010004b98                hx_drv_xdma_set_WDMA2_clearloopflag
 .text.hx_drv_xdma_get_WDMA2_bufferNo
                0x0000000010004bac       0x18 obj_socket_24/gnu_arcem9d_wei_r16/platform/hwacc/xDMA/hx_drv_xdma.o
                0x0000000010004bac                hx_drv_xdma_get_WDMA2_bufferNo
 .text.hx_drv_xdma_set_WDMA3allCfg
                0x0000000010004bc4       0x98 obj_socket_24/gnu_arcem9d_wei_r16/platform/hwacc/xDMA/hx_drv_xdma.o
                0x0000000010004bc4                hx_drv_xdma_set_WDMA3allCfg
 .text.hx_drv_xdma_WDMA3_clear_Normalint
                0x0000000010004c5c       0x10 obj_socket_24/gnu_arcem9d_wei_r16/platform/hwacc/xDMA/hx_drv_xdma.o
                0x0000000010004c5c                hx_drv_xdma_WDMA3_clear_Normalint
 .text.hx_drv_xdma_WDMA3_clear_AbNormalint
                0x0000000010004c6c       0x10 obj_socket_24/gnu_arcem9d_wei_r16/platform/hwacc/xDMA/hx_drv_xdma.o
                0x0000000010004c6c                hx_drv_xdma_WDMA3_clear_AbNormalint
 .text.hx_drv_xdma_WDMA3_register_cb
                0x0000000010004c7c       0x60 obj_socket_24/gnu_arcem9d_wei_r16/platform/hwacc/xDMA/hx_drv_xdma.o
                0x0000000010004c7c                hx_drv_xdma_WDMA3_register_cb
 .text.hx_drv_iomux_set_pmux
                0x0000000010004cdc       0x70 obj_socket_24/gnu_arcem9d_wei_r16/platform/peripheral/iomux/hx_drv_iomux.o
                0x0000000010004cdc                hx_drv_iomux_set_pmux
 .text.hx_drv_iomux_set_outvalue
                0x0000000010004d4c       0x38 obj_socket_24/gnu_arcem9d_wei_r16/platform/peripheral/iomux/hx_drv_iomux.o
                0x0000000010004d4c                hx_drv_iomux_set_outvalue
 .text.hx_drv_iomux_get_invalue
                0x0000000010004d84       0x3c obj_socket_24/gnu_arcem9d_wei_r16/platform/peripheral/iomux/hx_drv_iomux.o
                0x0000000010004d84                hx_drv_iomux_get_invalue
 .text.spi_m_callback_fun_rx
                0x0000000010004dc0        0xc obj_socket_24/gnu_arcem9d_wei_r16/platform/peripheral/spi_m/spi_master_protocol.o
 .text.spi_m_callback_fun_tx
                0x0000000010004dcc        0xc obj_socket_24/gnu_arcem9d_wei_r16/platform/peripheral/spi_m/spi_master_protocol.o
 .text.spi_m_callback_fun_err
                0x0000000010004dd8        0x4 obj_socket_24/gnu_arcem9d_wei_r16/platform/peripheral/spi_m/spi_master_protocol.o
 .text.spi_flash_callback_fun_rx
                0x0000000010004ddc        0xc obj_socket_24/gnu_arcem9d_wei_r16/platform/peripheral/spi_m/spi_master_protocol.o
 .text.spi_flash_callback_fun_tx
                0x0000000010004de8        0xc obj_socket_24/gnu_arcem9d_wei_r16/platform/peripheral/spi_m/spi_master_protocol.o
 .text.spi_flash_callback_fun_err
                0x0000000010004df4        0x4 obj_socket_24/gnu_arcem9d_wei_r16/platform/peripheral/spi_m/spi_master_protocol.o
 .text.hx_drv_spi_mst_open
                0x0000000010004df8       0x64 obj_socket_24/gnu_arcem9d_wei_r16/platform/peripheral/spi_m/spi_master_protocol.o
                0x0000000010004df8                hx_drv_spi_mst_open
 .text.hx_drv_spi_mst_open_speed
                0x0000000010004e5c       0x74 obj_socket_24/gnu_arcem9d_wei_r16/platform/peripheral/spi_m/spi_master_protocol.o
                0x0000000010004e5c                hx_drv_spi_mst_open_speed
 .text.hx_drv_spi_mst_protocol_register_tx_cb
                0x0000000010004ed0       0x10 obj_socket_24/gnu_arcem9d_wei_r16/platform/peripheral/spi_m/spi_master_protocol.o
                0x0000000010004ed0                hx_drv_spi_mst_protocol_register_tx_cb
 .text.hx_drv_spi_mst_protocol_register_rx_cb
                0x0000000010004ee0       0x10 obj_socket_24/gnu_arcem9d_wei_r16/platform/peripheral/spi_m/spi_master_protocol.o
                0x0000000010004ee0                hx_drv_spi_mst_protocol_register_rx_cb
 .text.hx_drv_spi_flash_open
                0x0000000010004ef0       0x58 obj_socket_24/gnu_arcem9d_wei_r16/platform/peripheral/spi_m/spi_master_protocol.o
                0x0000000010004ef0                hx_drv_spi_flash_open
 .text.hx_drv_spi_flash_protocol_read
                0x0000000010004f48       0x60 obj_socket_24/gnu_arcem9d_wei_r16/platform/peripheral/spi_m/spi_master_protocol.o
                0x0000000010004f48                hx_drv_spi_flash_protocol_read
 .text.dw_spi_1_read_ptl
                0x0000000010004fa8        0x4 obj_socket_24/gnu_arcem9d_wei_r16/platform/peripheral/spi_m/hx_drv_spi_m.o
 .text.dw_spi_0_install
                0x0000000010004fac      0x150 obj_socket_24/gnu_arcem9d_wei_r16/platform/peripheral/spi_m/hx_drv_spi_m.o
 .text.dw_spi_1_install
                0x00000000100050fc      0x150 obj_socket_24/gnu_arcem9d_wei_r16/platform/peripheral/spi_m/hx_drv_spi_m.o
 .text.dw_spi_0_flash_Send_Op_code
                0x000000001000524c       0x10 obj_socket_24/gnu_arcem9d_wei_r16/platform/peripheral/spi_m/hx_drv_spi_m.o
 .text.dw_spi_1_flash_Send_Op_code
                0x000000001000525c       0x10 obj_socket_24/gnu_arcem9d_wei_r16/platform/peripheral/spi_m/hx_drv_spi_m.o
 .text.dw_spi_0_flash_erase_sector
                0x000000001000526c        0xc obj_socket_24/gnu_arcem9d_wei_r16/platform/peripheral/spi_m/hx_drv_spi_m.o
 .text.dw_spi_1_flash_erase_sector
                0x0000000010005278        0xc obj_socket_24/gnu_arcem9d_wei_r16/platform/peripheral/spi_m/hx_drv_spi_m.o
 .text.dw_spi_0_flash_erase_all
                0x0000000010005284        0xc obj_socket_24/gnu_arcem9d_wei_r16/platform/peripheral/spi_m/hx_drv_spi_m.o
 .text.dw_spi_1_flash_erase_all
                0x0000000010005290        0xc obj_socket_24/gnu_arcem9d_wei_r16/platform/peripheral/spi_m/hx_drv_spi_m.o
 .text.dw_spi_0_flash_id
                0x000000001000529c        0xc obj_socket_24/gnu_arcem9d_wei_r16/platform/peripheral/spi_m/hx_drv_spi_m.o
 .text.dw_spi_1_flash_id
                0x00000000100052a8        0xc obj_socket_24/gnu_arcem9d_wei_r16/platform/peripheral/spi_m/hx_drv_spi_m.o
 .text.dw_spi_0_read_ptl
                0x00000000100052b4       0x10 obj_socket_24/gnu_arcem9d_wei_r16/platform/peripheral/spi_m/hx_drv_spi_m.o
 .text.dw_spi_0_read_dma
                0x00000000100052c4       0x10 obj_socket_24/gnu_arcem9d_wei_r16/platform/peripheral/spi_m/hx_drv_spi_m.o
 .text.dw_spi_1_read_dma
                0x00000000100052d4       0x10 obj_socket_24/gnu_arcem9d_wei_r16/platform/peripheral/spi_m/hx_drv_spi_m.o
 .text.dw_spi_0_write_ptl_halt
                0x00000000100052e4        0xc obj_socket_24/gnu_arcem9d_wei_r16/platform/peripheral/spi_m/hx_drv_spi_m.o
 .text.dw_spi_1_write_ptl_halt
                0x00000000100052f0        0xc obj_socket_24/gnu_arcem9d_wei_r16/platform/peripheral/spi_m/hx_drv_spi_m.o
 .text.dw_spi_0_write_ptl_cus
                0x00000000100052fc       0x14 obj_socket_24/gnu_arcem9d_wei_r16/platform/peripheral/spi_m/hx_drv_spi_m.o
 .text.dw_spi_1_write_ptl_cus
                0x0000000010005310       0x14 obj_socket_24/gnu_arcem9d_wei_r16/platform/peripheral/spi_m/hx_drv_spi_m.o
 .text.dw_spi_0_write_ptl
                0x0000000010005324       0x14 obj_socket_24/gnu_arcem9d_wei_r16/platform/peripheral/spi_m/hx_drv_spi_m.o
 .text.dw_spi_1_write_ptl
                0x0000000010005338       0x14 obj_socket_24/gnu_arcem9d_wei_r16/platform/peripheral/spi_m/hx_drv_spi_m.o
 .text.dw_spi_0_read_dma_status
                0x000000001000534c       0x10 obj_socket_24/gnu_arcem9d_wei_r16/platform/peripheral/spi_m/hx_drv_spi_m.o
 .text.dw_spi_1_read_dma_status
                0x000000001000535c       0x10 obj_socket_24/gnu_arcem9d_wei_r16/platform/peripheral/spi_m/hx_drv_spi_m.o
 .text.dw_spi_0_write_dma
                0x000000001000536c       0x10 obj_socket_24/gnu_arcem9d_wei_r16/platform/peripheral/spi_m/hx_drv_spi_m.o
 .text.dw_spi_1_write_dma
                0x000000001000537c       0x10 obj_socket_24/gnu_arcem9d_wei_r16/platform/peripheral/spi_m/hx_drv_spi_m.o
 .text.dw_spi_0_read
                0x000000001000538c       0x10 obj_socket_24/gnu_arcem9d_wei_r16/platform/peripheral/spi_m/hx_drv_spi_m.o
 .text.dw_spi_1_read
                0x000000001000539c       0x10 obj_socket_24/gnu_arcem9d_wei_r16/platform/peripheral/spi_m/hx_drv_spi_m.o
 .text.dw_spi_0_write
                0x00000000100053ac       0x10 obj_socket_24/gnu_arcem9d_wei_r16/platform/peripheral/spi_m/hx_drv_spi_m.o
 .text.dw_spi_1_write
                0x00000000100053bc       0x10 obj_socket_24/gnu_arcem9d_wei_r16/platform/peripheral/spi_m/hx_drv_spi_m.o
 .text.dw_spi_0_control
                0x00000000100053cc       0x10 obj_socket_24/gnu_arcem9d_wei_r16/platform/peripheral/spi_m/hx_drv_spi_m.o
 .text.dw_spi_1_control
                0x00000000100053dc       0x10 obj_socket_24/gnu_arcem9d_wei_r16/platform/peripheral/spi_m/hx_drv_spi_m.o
 .text.dw_spi_0_close
                0x00000000100053ec        0xc obj_socket_24/gnu_arcem9d_wei_r16/platform/peripheral/spi_m/hx_drv_spi_m.o
 .text.dw_spi_1_close
                0x00000000100053f8        0xc obj_socket_24/gnu_arcem9d_wei_r16/platform/peripheral/spi_m/hx_drv_spi_m.o
 .text.dw_spi_0_open
                0x0000000010005404       0x10 obj_socket_24/gnu_arcem9d_wei_r16/platform/peripheral/spi_m/hx_drv_spi_m.o
 .text.dw_spi_1_open
                0x0000000010005414       0x10 obj_socket_24/gnu_arcem9d_wei_r16/platform/peripheral/spi_m/hx_drv_spi_m.o
 .text.dw_spi_0_tx_ptl_isr
                0x0000000010005424        0xc obj_socket_24/gnu_arcem9d_wei_r16/platform/peripheral/spi_m/hx_drv_spi_m.o
 .text.dw_spi_1_tx_ptl_isr
                0x0000000010005430        0xc obj_socket_24/gnu_arcem9d_wei_r16/platform/peripheral/spi_m/hx_drv_spi_m.o
 .text.dw_spi_0_isr
                0x000000001000543c        0xc obj_socket_24/gnu_arcem9d_wei_r16/platform/peripheral/spi_m/hx_drv_spi_m.o
 .text.dw_spi_1_isr
                0x0000000010005448        0xc obj_socket_24/gnu_arcem9d_wei_r16/platform/peripheral/spi_m/hx_drv_spi_m.o
 .text.dw_spi_0_flash_set_xip
                0x0000000010005454       0x2c obj_socket_24/gnu_arcem9d_wei_r16/platform/peripheral/spi_m/hx_drv_spi_m.o
 .text.dw_spi_1_flash_set_xip
                0x0000000010005480       0x2c obj_socket_24/gnu_arcem9d_wei_r16/platform/peripheral/spi_m/hx_drv_spi_m.o
 .text.dw_spi_0_flash_word_write
                0x00000000100054ac       0x28 obj_socket_24/gnu_arcem9d_wei_r16/platform/peripheral/spi_m/hx_drv_spi_m.o
 .text.dw_spi_1_flash_word_write
                0x00000000100054d4       0x28 obj_socket_24/gnu_arcem9d_wei_r16/platform/peripheral/spi_m/hx_drv_spi_m.o
 .text.dw_spi_0_flash_write
                0x00000000100054fc       0x2c obj_socket_24/gnu_arcem9d_wei_r16/platform/peripheral/spi_m/hx_drv_spi_m.o
 .text.dw_spi_1_flash_write
                0x0000000010005528       0x2c obj_socket_24/gnu_arcem9d_wei_r16/platform/peripheral/spi_m/hx_drv_spi_m.o
 .text.dw_spi_0_flash_word_read
                0x0000000010005554       0x38 obj_socket_24/gnu_arcem9d_wei_r16/platform/peripheral/spi_m/hx_drv_spi_m.o
 .text.dw_spi_1_flash_word_read
                0x000000001000558c       0x38 obj_socket_24/gnu_arcem9d_wei_r16/platform/peripheral/spi_m/hx_drv_spi_m.o
 .text.dw_spi_0_flash_read
                0x00000000100055c4       0x38 obj_socket_24/gnu_arcem9d_wei_r16/platform/peripheral/spi_m/hx_drv_spi_m.o
 .text.dw_spi_1_flash_read
                0x00000000100055fc       0x38 obj_socket_24/gnu_arcem9d_wei_r16/platform/peripheral/spi_m/hx_drv_spi_m.o
 .text.hx_drv_spi_mst_get_dev
                0x0000000010005634       0x64 obj_socket_24/gnu_arcem9d_wei_r16/platform/peripheral/spi_m/hx_drv_spi_m.o
                0x0000000010005634                hx_drv_spi_mst_get_dev
 .text.hx_drv_spi_mst_init
                0x0000000010005698       0x74 obj_socket_24/gnu_arcem9d_wei_r16/platform/peripheral/spi_m/hx_drv_spi_m.o
                0x0000000010005698                hx_drv_spi_mst_init
 .text.hx_drv_spi_mst_deinit
                0x000000001000570c       0x94 obj_socket_24/gnu_arcem9d_wei_r16/platform/peripheral/spi_m/hx_drv_spi_m.o
                0x000000001000570c                hx_drv_spi_mst_deinit
 .text.spi_mst0_rx_ISR
                0x00000000100057a0        0xc obj_socket_24/gnu_arcem9d_wei_r16/platform/peripheral/spi_m/dw_spi.o
 .text.spi_mst0_tx_ISR
                0x00000000100057ac        0xc obj_socket_24/gnu_arcem9d_wei_r16/platform/peripheral/spi_m/dw_spi.o
 .text.dw_spi_rx_ptl_isr
                0x00000000100057b8       0x20 obj_socket_24/gnu_arcem9d_wei_r16/platform/peripheral/spi_m/dw_spi.o
 .text.dw_spi_writer
                0x00000000100057d8       0xd0 obj_socket_24/gnu_arcem9d_wei_r16/platform/peripheral/spi_m/dw_spi.o
 .text.dw_spi_init_transfer
                0x00000000100058a8       0x54 obj_socket_24/gnu_arcem9d_wei_r16/platform/peripheral/spi_m/dw_spi.o
 .text.dw_spi_dis_cbr
                0x00000000100058fc       0xa4 obj_socket_24/gnu_arcem9d_wei_r16/platform/peripheral/spi_m/dw_spi.o
 .text.dw_spi_abort_tx
                0x00000000100059a0       0x48 obj_socket_24/gnu_arcem9d_wei_r16/platform/peripheral/spi_m/dw_spi.o
 .text.dw_spi_abort_rx
                0x00000000100059e8       0x48 obj_socket_24/gnu_arcem9d_wei_r16/platform/peripheral/spi_m/dw_spi.o
 .text.dw_spi_disable_interrupt
                0x0000000010005a30       0x4c obj_socket_24/gnu_arcem9d_wei_r16/platform/peripheral/spi_m/dw_spi.o
 .text.dw_spi_ena_cbr
                0x0000000010005a7c       0x80 obj_socket_24/gnu_arcem9d_wei_r16/platform/peripheral/spi_m/dw_spi.o
 .text.dw_spi_chk_xfer_aligned.part.0
                0x0000000010005afc       0x3c obj_socket_24/gnu_arcem9d_wei_r16/platform/peripheral/spi_m/dw_spi.o
 .text.create_dma_descriptors_rx.constprop.0
                0x0000000010005b38      0x120 obj_socket_24/gnu_arcem9d_wei_r16/platform/peripheral/spi_m/dw_spi.o
 .text.create_dma_descriptors_tx.constprop.0
                0x0000000010005c58      0x15c obj_socket_24/gnu_arcem9d_wei_r16/platform/peripheral/spi_m/dw_spi.o
 .text.dw_spi_reader.isra.0
                0x0000000010005db4       0xc8 obj_socket_24/gnu_arcem9d_wei_r16/platform/peripheral/spi_m/dw_spi.o
 .text.dw_spi_poll_transfer
                0x0000000010005e7c       0x58 obj_socket_24/gnu_arcem9d_wei_r16/platform/peripheral/spi_m/dw_spi.o
 .text.dw_spi_DMA_send
                0x0000000010005ed4       0xe0 obj_socket_24/gnu_arcem9d_wei_r16/platform/peripheral/spi_m/dw_spi.o
 .text.dw_spi_DMA_send_recv
                0x0000000010005fb4      0x150 obj_socket_24/gnu_arcem9d_wei_r16/platform/peripheral/spi_m/dw_spi.o
 .text.word_switch_func
                0x0000000010006104       0x4c obj_socket_24/gnu_arcem9d_wei_r16/platform/peripheral/spi_m/dw_spi.o
                0x0000000010006104                word_switch_func
 .text.dw_spi_open
                0x0000000010006150      0x2c8 obj_socket_24/gnu_arcem9d_wei_r16/platform/peripheral/spi_m/dw_spi.o
                0x0000000010006150                dw_spi_open
 .text.dw_spi_close
                0x0000000010006418       0xa8 obj_socket_24/gnu_arcem9d_wei_r16/platform/peripheral/spi_m/dw_spi.o
                0x0000000010006418                dw_spi_close
 .text.dw_spi_eeprom_waitWIP
                0x00000000100064c0       0x50 obj_socket_24/gnu_arcem9d_wei_r16/platform/peripheral/spi_m/dw_spi.o
                0x00000000100064c0                dw_spi_eeprom_waitWIP
 .text.dw_spi_eeprom_set_quad_mode
                0x0000000010006510      0x29c obj_socket_24/gnu_arcem9d_wei_r16/platform/peripheral/spi_m/dw_spi.o
                0x0000000010006510                dw_spi_eeprom_set_quad_mode
 .text.dw_spi_eeprom_setXIP_para_dual
                0x00000000100067ac       0xb8 obj_socket_24/gnu_arcem9d_wei_r16/platform/peripheral/spi_m/dw_spi.o
                0x00000000100067ac                dw_spi_eeprom_setXIP_para_dual
 .text.dw_spi_eeprom_setXIP_para
                0x0000000010006864       0xb8 obj_socket_24/gnu_arcem9d_wei_r16/platform/peripheral/spi_m/dw_spi.o
                0x0000000010006864                dw_spi_eeprom_setXIP_para
 .text.dw_spi_eeprom_clear_write_protect
                0x000000001000691c      0x2b4 obj_socket_24/gnu_arcem9d_wei_r16/platform/peripheral/spi_m/dw_spi.o
                0x000000001000691c                dw_spi_eeprom_clear_write_protect
 .text.dw_spi_eeprom_SetXIP
                0x0000000010006bd0      0x11c obj_socket_24/gnu_arcem9d_wei_r16/platform/peripheral/spi_m/dw_spi.o
                0x0000000010006bd0                dw_spi_eeprom_SetXIP
 .text.dw_spi_eeprom_SetXIP_dual
                0x0000000010006cec      0x11c obj_socket_24/gnu_arcem9d_wei_r16/platform/peripheral/spi_m/dw_spi.o
                0x0000000010006cec                dw_spi_eeprom_SetXIP_dual
 .text.dw_spi_eeprom_disable_XIP_base_only
                0x0000000010006e08       0x2c obj_socket_24/gnu_arcem9d_wei_r16/platform/peripheral/spi_m/dw_spi.o
                0x0000000010006e08                dw_spi_eeprom_disable_XIP_base_only
 .text.dw_spi_eeprom_GetXIP_status
                0x0000000010006e34       0x30 obj_socket_24/gnu_arcem9d_wei_r16/platform/peripheral/spi_m/dw_spi.o
                0x0000000010006e34                dw_spi_eeprom_GetXIP_status
 .text.dw_spi_eeprom_erase_all
                0x0000000010006e64       0xcc obj_socket_24/gnu_arcem9d_wei_r16/platform/peripheral/spi_m/dw_spi.o
                0x0000000010006e64                dw_spi_eeprom_erase_all
 .text.dw_spi_eeprom_erase_sector
                0x0000000010006f30       0xe8 obj_socket_24/gnu_arcem9d_wei_r16/platform/peripheral/spi_m/dw_spi.o
                0x0000000010006f30                dw_spi_eeprom_erase_sector
 .text.dw_spi_eeprom_word_write
                0x0000000010007018      0x2a8 obj_socket_24/gnu_arcem9d_wei_r16/platform/peripheral/spi_m/dw_spi.o
                0x0000000010007018                dw_spi_eeprom_word_write
 .text.dw_spi_eeprom_write
                0x00000000100072c0      0x180 obj_socket_24/gnu_arcem9d_wei_r16/platform/peripheral/spi_m/dw_spi.o
                0x00000000100072c0                dw_spi_eeprom_write
 .text.dw_spi_tx_ptl_isr
                0x0000000010007440       0x34 obj_socket_24/gnu_arcem9d_wei_r16/platform/peripheral/spi_m/dw_spi.o
                0x0000000010007440                dw_spi_tx_ptl_isr
 .text.dw_spi_read_uDMA_status
                0x0000000010007474        0xc obj_socket_24/gnu_arcem9d_wei_r16/platform/peripheral/spi_m/dw_spi.o
                0x0000000010007474                dw_spi_read_uDMA_status
 .text.dw_spi_control
                0x0000000010007480      0x53c obj_socket_24/gnu_arcem9d_wei_r16/platform/peripheral/spi_m/dw_spi.o
                0x0000000010007480                dw_spi_control
 .text.dw_spi_write_ptl_uDMA
                0x00000000100079bc      0x22c obj_socket_24/gnu_arcem9d_wei_r16/platform/peripheral/spi_m/dw_spi.o
                0x00000000100079bc                dw_spi_write_ptl_uDMA
 .text.dw_spi_write_ptl_cus_uDMA
                0x0000000010007be8      0x224 obj_socket_24/gnu_arcem9d_wei_r16/platform/peripheral/spi_m/dw_spi.o
                0x0000000010007be8                dw_spi_write_ptl_cus_uDMA
 .text.dw_spi_write_ptl_halt
                0x0000000010007e0c       0x8c obj_socket_24/gnu_arcem9d_wei_r16/platform/peripheral/spi_m/dw_spi.o
                0x0000000010007e0c                dw_spi_write_ptl_halt
 .text.dw_spi_write_uDMA
                0x0000000010007e98      0x1e4 obj_socket_24/gnu_arcem9d_wei_r16/platform/peripheral/spi_m/dw_spi.o
                0x0000000010007e98                dw_spi_write_uDMA
 .text.dw_spi_write_int
                0x000000001000807c      0x108 obj_socket_24/gnu_arcem9d_wei_r16/platform/peripheral/spi_m/dw_spi.o
                0x000000001000807c                dw_spi_write_int
 .text.dw_spi_eeprom_ID
                0x0000000010008184      0x158 obj_socket_24/gnu_arcem9d_wei_r16/platform/peripheral/spi_m/dw_spi.o
                0x0000000010008184                dw_spi_eeprom_ID
 .text.dw_spi_eeprom_4write
                0x00000000100082dc      0x3b8 obj_socket_24/gnu_arcem9d_wei_r16/platform/peripheral/spi_m/dw_spi.o
                0x00000000100082dc                dw_spi_eeprom_4write
 .text.dw_spi_eeprom_Send_Op_code
                0x0000000010008694       0xac obj_socket_24/gnu_arcem9d_wei_r16/platform/peripheral/spi_m/dw_spi.o
                0x0000000010008694                dw_spi_eeprom_Send_Op_code
 .text.dw_spi_read_uDMA
                0x0000000010008740      0x1f4 obj_socket_24/gnu_arcem9d_wei_r16/platform/peripheral/spi_m/dw_spi.o
                0x0000000010008740                dw_spi_read_uDMA
 .text.dw_spi_read_int
                0x0000000010008934      0x12c obj_socket_24/gnu_arcem9d_wei_r16/platform/peripheral/spi_m/dw_spi.o
                0x0000000010008934                dw_spi_read_int
 .text.dw_spi_eeprom_read
                0x0000000010008a60      0x170 obj_socket_24/gnu_arcem9d_wei_r16/platform/peripheral/spi_m/dw_spi.o
                0x0000000010008a60                dw_spi_eeprom_read
 .text.dw_spi_eeprom_2read
                0x0000000010008bd0      0x440 obj_socket_24/gnu_arcem9d_wei_r16/platform/peripheral/spi_m/dw_spi.o
                0x0000000010008bd0                dw_spi_eeprom_2read
 .text.dw_spi_eeprom_4read
                0x0000000010009010      0x2d4 obj_socket_24/gnu_arcem9d_wei_r16/platform/peripheral/spi_m/dw_spi.o
                0x0000000010009010                dw_spi_eeprom_4read
 .text.dw_spi_eeprom_word_single_read
                0x00000000100092e4      0x174 obj_socket_24/gnu_arcem9d_wei_r16/platform/peripheral/spi_m/dw_spi.o
                0x00000000100092e4                dw_spi_eeprom_word_single_read
 .text.dw_spi_eeprom_word_dual_read
                0x0000000010009458      0x384 obj_socket_24/gnu_arcem9d_wei_r16/platform/peripheral/spi_m/dw_spi.o
                0x0000000010009458                dw_spi_eeprom_word_dual_read
 .text.dw_spi_eeprom_word_quad_read
                0x00000000100097dc      0x1c0 obj_socket_24/gnu_arcem9d_wei_r16/platform/peripheral/spi_m/dw_spi.o
                0x00000000100097dc                dw_spi_eeprom_word_quad_read
 .text.dw_spi_isr
                0x000000001000999c      0x20c obj_socket_24/gnu_arcem9d_wei_r16/platform/peripheral/spi_m/dw_spi.o
                0x000000001000999c                dw_spi_isr
 .text.dfss_spi_slv_0_install
                0x0000000010009ba8       0x70 obj_socket_24/gnu_arcem9d_wei_r16/platform/peripheral/spi_s/hx_drv_spi_s.o
 .text.dfss_spi_slv_0_write_halt
                0x0000000010009c18        0xc obj_socket_24/gnu_arcem9d_wei_r16/platform/peripheral/spi_s/hx_drv_spi_s.o
 .text.dfss_spi_slv_0_read
                0x0000000010009c24       0x10 obj_socket_24/gnu_arcem9d_wei_r16/platform/peripheral/spi_s/hx_drv_spi_s.o
 .text.dfss_spi_slv_0_write_ptl_cus
                0x0000000010009c34       0x14 obj_socket_24/gnu_arcem9d_wei_r16/platform/peripheral/spi_s/hx_drv_spi_s.o
 .text.dfss_spi_slv_0_write_ptl
                0x0000000010009c48       0x14 obj_socket_24/gnu_arcem9d_wei_r16/platform/peripheral/spi_s/hx_drv_spi_s.o
 .text.dfss_spi_slv_0_write
                0x0000000010009c5c       0x10 obj_socket_24/gnu_arcem9d_wei_r16/platform/peripheral/spi_s/hx_drv_spi_s.o
 .text.dfss_spi_slv_0_control
                0x0000000010009c6c       0x10 obj_socket_24/gnu_arcem9d_wei_r16/platform/peripheral/spi_s/hx_drv_spi_s.o
 .text.dfss_spi_slv_0_close
                0x0000000010009c7c        0xc obj_socket_24/gnu_arcem9d_wei_r16/platform/peripheral/spi_s/hx_drv_spi_s.o
 .text.dfss_spi_slv_0_open
                0x0000000010009c88       0x10 obj_socket_24/gnu_arcem9d_wei_r16/platform/peripheral/spi_s/hx_drv_spi_s.o
 .text.spi_slv_err_cb0
                0x0000000010009c98        0xc obj_socket_24/gnu_arcem9d_wei_r16/platform/peripheral/spi_s/hx_drv_spi_s.o
 .text.spi_slv_tx_cb0
                0x0000000010009ca4       0x28 obj_socket_24/gnu_arcem9d_wei_r16/platform/peripheral/spi_s/hx_drv_spi_s.o
 .text.spi_slv_rx_cb0
                0x0000000010009ccc       0x28 obj_socket_24/gnu_arcem9d_wei_r16/platform/peripheral/spi_s/hx_drv_spi_s.o
 .text.hx_drv_spi_slv_get_dev
                0x0000000010009cf4       0x28 obj_socket_24/gnu_arcem9d_wei_r16/platform/peripheral/spi_s/hx_drv_spi_s.o
                0x0000000010009cf4                hx_drv_spi_slv_get_dev
 .text.hx_drv_spi_slv_register_tx_cb
                0x0000000010009d1c       0x14 obj_socket_24/gnu_arcem9d_wei_r16/platform/peripheral/spi_s/hx_drv_spi_s.o
                0x0000000010009d1c                hx_drv_spi_slv_register_tx_cb
 .text.hx_drv_spi_slv_register_rx_evt_cb
                0x0000000010009d30       0x14 obj_socket_24/gnu_arcem9d_wei_r16/platform/peripheral/spi_s/hx_drv_spi_s.o
                0x0000000010009d30                hx_drv_spi_slv_register_rx_evt_cb
 .text.ss_spi_slave_open
                0x0000000010009d44      0x104 obj_socket_24/gnu_arcem9d_wei_r16/platform/peripheral/spi_s/ss_spi_slave.o
                0x0000000010009d44                ss_spi_slave_open
 .text.ss_spi_slave_close
                0x0000000010009e48       0x54 obj_socket_24/gnu_arcem9d_wei_r16/platform/peripheral/spi_s/ss_spi_slave.o
                0x0000000010009e48                ss_spi_slave_close
 .text.ss_spi_slave_control
                0x0000000010009e9c      0x584 obj_socket_24/gnu_arcem9d_wei_r16/platform/peripheral/spi_s/ss_spi_slave.o
                0x0000000010009e9c                ss_spi_slave_control
 .text.ss_spi_slave_write_halt
                0x000000001000a420       0x10 obj_socket_24/gnu_arcem9d_wei_r16/platform/peripheral/spi_s/ss_spi_slave.o
                0x000000001000a420                ss_spi_slave_write_halt
 .text.ss_spi_slave_write
                0x000000001000a430       0x58 obj_socket_24/gnu_arcem9d_wei_r16/platform/peripheral/spi_s/ss_spi_slave.o
                0x000000001000a430                ss_spi_slave_write
 .text.ss_spi_slave_write_ptl
                0x000000001000a488       0x60 obj_socket_24/gnu_arcem9d_wei_r16/platform/peripheral/spi_s/ss_spi_slave.o
                0x000000001000a488                ss_spi_slave_write_ptl
 .text.ss_spi_slave_write_ptl_cus
                0x000000001000a4e8       0x78 obj_socket_24/gnu_arcem9d_wei_r16/platform/peripheral/spi_s/ss_spi_slave.o
                0x000000001000a4e8                ss_spi_slave_write_ptl_cus
 .text.ss_spi_slave_register_tx_cb
                0x000000001000a560        0x8 obj_socket_24/gnu_arcem9d_wei_r16/platform/peripheral/spi_s/ss_spi_slave.o
                0x000000001000a560                ss_spi_slave_register_tx_cb
 .text.ss_spi_slave_register_rx_evt_cb
                0x000000001000a568        0x8 obj_socket_24/gnu_arcem9d_wei_r16/platform/peripheral/spi_s/ss_spi_slave.o
                0x000000001000a568                ss_spi_slave_register_rx_evt_cb
 .text.ss_spi_slave_read
                0x000000001000a570       0x58 obj_socket_24/gnu_arcem9d_wei_r16/platform/peripheral/spi_s/ss_spi_slave.o
                0x000000001000a570                ss_spi_slave_read
 .text.ss_spi_slave_tx_cb
                0x000000001000a5c8       0x48 obj_socket_24/gnu_arcem9d_wei_r16/platform/peripheral/spi_s/ss_spi_slave.o
                0x000000001000a5c8                ss_spi_slave_tx_cb
 .text.ss_spi_slave_rx_cb
                0x000000001000a610       0x54 obj_socket_24/gnu_arcem9d_wei_r16/platform/peripheral/spi_s/ss_spi_slave.o
                0x000000001000a610                ss_spi_slave_rx_cb
 .text.ss_spi_slave_err_cb
                0x000000001000a664       0x10 obj_socket_24/gnu_arcem9d_wei_r16/platform/peripheral/spi_s/ss_spi_slave.o
                0x000000001000a664                ss_spi_slave_err_cb
 .text.spi_s_callback_fun_rx
                0x000000001000a674        0xc obj_socket_24/gnu_arcem9d_wei_r16/platform/peripheral/spi_s/spi_slave_protocol.o
 .text.spi_s_callback_fun_tx
                0x000000001000a680        0xc obj_socket_24/gnu_arcem9d_wei_r16/platform/peripheral/spi_s/spi_slave_protocol.o
 .text.spi_s_callback_fun_err
                0x000000001000a68c        0x4 obj_socket_24/gnu_arcem9d_wei_r16/platform/peripheral/spi_s/spi_slave_protocol.o
 .text.spi_s_callback_ptl_tx
                0x000000001000a690       0x18 obj_socket_24/gnu_arcem9d_wei_r16/platform/peripheral/spi_s/spi_slave_protocol.o
 .text.hx_drv_spi_slv_open
                0x000000001000a6a8       0xa8 obj_socket_24/gnu_arcem9d_wei_r16/platform/peripheral/spi_s/spi_slave_protocol.o
                0x000000001000a6a8                hx_drv_spi_slv_open
 .text.hx_drv_spi_slv_protocol_write_simple_ex
                0x000000001000a750       0xb4 obj_socket_24/gnu_arcem9d_wei_r16/platform/peripheral/spi_s/spi_slave_protocol.o
                0x000000001000a750                hx_drv_spi_slv_protocol_write_simple_ex
 .text.spi_slv_tx_ptl_ISR
                0x000000001000a804       0x4c obj_socket_24/gnu_arcem9d_wei_r16/platform/peripheral/spi_s/spi_slave.o
 .text.retrieve_rxfifo
                0x000000001000a850      0x118 obj_socket_24/gnu_arcem9d_wei_r16/platform/peripheral/spi_s/spi_slave.o
 .text.fill_txfifo
                0x000000001000a968      0x110 obj_socket_24/gnu_arcem9d_wei_r16/platform/peripheral/spi_s/spi_slave.o
 .text.spi_slv0_err_ISR
                0x000000001000aa78       0x48 obj_socket_24/gnu_arcem9d_wei_r16/platform/peripheral/spi_s/spi_slave.o
 .text.spi_slv0_idle_ISR
                0x000000001000aac0       0xe0 obj_socket_24/gnu_arcem9d_wei_r16/platform/peripheral/spi_s/spi_slave.o
 .text.spi_slv0_tx_ISR
                0x000000001000aba0       0x68 obj_socket_24/gnu_arcem9d_wei_r16/platform/peripheral/spi_s/spi_slave.o
 .text.spi_slv0_rx_ISR
                0x000000001000ac08       0xcc obj_socket_24/gnu_arcem9d_wei_r16/platform/peripheral/spi_s/spi_slave.o
 .text.io_spi_slave_open
                0x000000001000acd4      0x188 obj_socket_24/gnu_arcem9d_wei_r16/platform/peripheral/spi_s/spi_slave.o
                0x000000001000acd4                io_spi_slave_open
 .text.io_spi_slave_close
                0x000000001000ae5c       0xf4 obj_socket_24/gnu_arcem9d_wei_r16/platform/peripheral/spi_s/spi_slave.o
                0x000000001000ae5c                io_spi_slave_close
 .text.io_spi_slave_register_tx_cb
                0x000000001000af50       0x10 obj_socket_24/gnu_arcem9d_wei_r16/platform/peripheral/spi_s/spi_slave.o
                0x000000001000af50                io_spi_slave_register_tx_cb
 .text.io_spi_slave_register_rx_evt_cb
                0x000000001000af60       0x10 obj_socket_24/gnu_arcem9d_wei_r16/platform/peripheral/spi_s/spi_slave.o
                0x000000001000af60                io_spi_slave_register_rx_evt_cb
 .text.io_spi_slave_read
                0x000000001000af70      0x1c0 obj_socket_24/gnu_arcem9d_wei_r16/platform/peripheral/spi_s/spi_slave.o
                0x000000001000af70                io_spi_slave_read
 .text.io_spi_slave_write_halt
                0x000000001000b130       0x68 obj_socket_24/gnu_arcem9d_wei_r16/platform/peripheral/spi_s/spi_slave.o
                0x000000001000b130                io_spi_slave_write_halt
 .text.io_spi_slave_write
                0x000000001000b198      0x224 obj_socket_24/gnu_arcem9d_wei_r16/platform/peripheral/spi_s/spi_slave.o
                0x000000001000b198                io_spi_slave_write
 .text.io_spi_slave_write_ptl
                0x000000001000b3bc      0x200 obj_socket_24/gnu_arcem9d_wei_r16/platform/peripheral/spi_s/spi_slave.o
                0x000000001000b3bc                io_spi_slave_write_ptl
 .text.io_spi_slave_write_ptl_cus
                0x000000001000b5bc      0x1ec obj_socket_24/gnu_arcem9d_wei_r16/platform/peripheral/spi_s/spi_slave.o
                0x000000001000b5bc                io_spi_slave_write_ptl_cus
 .text.io_spi_slave_ioctl
                0x000000001000b7a8      0x17c obj_socket_24/gnu_arcem9d_wei_r16/platform/peripheral/spi_s/spi_slave.o
                0x000000001000b7a8                io_spi_slave_ioctl
 .text.io_spi_slave_check_status
                0x000000001000b924       0x48 obj_socket_24/gnu_arcem9d_wei_r16/platform/peripheral/spi_s/spi_slave.o
                0x000000001000b924                io_spi_slave_check_status
 .text.upper_fill_fifo
                0x000000001000b96c      0x158 obj_socket_24/gnu_arcem9d_wei_r16/platform/peripheral/spi_s/spi_slave.o
                0x000000001000b96c                upper_fill_fifo
 .text.upper_retrieve_fifo
                0x000000001000bac4      0x180 obj_socket_24/gnu_arcem9d_wei_r16/platform/peripheral/spi_s/spi_slave.o
                0x000000001000bac4                upper_retrieve_fifo
 .text.set_err_interrupt
                0x000000001000bc44       0x1c obj_socket_24/gnu_arcem9d_wei_r16/platform/peripheral/spi_s/spi_slave.o
                0x000000001000bc44                set_err_interrupt
 .text.hx_drv_ckgen_set_gated
                0x000000001000bc60       0x54 obj_socket_24/gnu_arcem9d_wei_r16/platform/sys/clkgen/hx_drv_ckgen.o
                0x000000001000bc60                hx_drv_ckgen_set_gated
 .text.hx_drv_ckgen_set_sel
                0x000000001000bcb4       0x30 obj_socket_24/gnu_arcem9d_wei_r16/platform/sys/clkgen/hx_drv_ckgen.o
                0x000000001000bcb4                hx_drv_ckgen_set_sel
 .text.hx_drv_swrst_en
                0x000000001000bce4       0x4c obj_socket_24/gnu_arcem9d_wei_r16/platform/sys/clkgen/hx_drv_ckgen.o
                0x000000001000bce4                hx_drv_swrst_en
 .text.hx_drv_inp1bitparser_err_isr
                0x000000001000bd30       0x24 obj_socket_24/gnu_arcem9d_wei_r16/platform/sys/inp1bitparser/hx_drv_inp1bitparser.o
 .text.hx_drv_inp1bitparser_set_allCfg
                0x000000001000bd54       0xac obj_socket_24/gnu_arcem9d_wei_r16/platform/sys/inp1bitparser/hx_drv_inp1bitparser.o
                0x000000001000bd54                hx_drv_inp1bitparser_set_allCfg
 .text.hx_drv_inp1bitparser_get_defCfg
                0x000000001000be00       0x14 obj_socket_24/gnu_arcem9d_wei_r16/platform/sys/inp1bitparser/hx_drv_inp1bitparser.o
                0x000000001000be00                hx_drv_inp1bitparser_get_defCfg
 .text.hx_drv_inp1bitparser_set_enable
                0x000000001000be14       0x10 obj_socket_24/gnu_arcem9d_wei_r16/platform/sys/inp1bitparser/hx_drv_inp1bitparser.o
                0x000000001000be14                hx_drv_inp1bitparser_set_enable
 .text.hx_drv_inp1bitparser_set_tg2utg
                0x000000001000be24       0x1c obj_socket_24/gnu_arcem9d_wei_r16/platform/sys/inp1bitparser/hx_drv_inp1bitparser.o
                0x000000001000be24                hx_drv_inp1bitparser_set_tg2utg
 .text.hx_drv_inp1bitparser_get_errstatus
                0x000000001000be40       0x14 obj_socket_24/gnu_arcem9d_wei_r16/platform/sys/inp1bitparser/hx_drv_inp1bitparser.o
                0x000000001000be40                hx_drv_inp1bitparser_get_errstatus
 .text.hx_drv_inp1bitparser_get_fsm
                0x000000001000be54       0x10 obj_socket_24/gnu_arcem9d_wei_r16/platform/sys/inp1bitparser/hx_drv_inp1bitparser.o
                0x000000001000be54                hx_drv_inp1bitparser_get_fsm
 .text.hx_drv_inp1bitparser_get_HW_hvsize
                0x000000001000be64       0x1c obj_socket_24/gnu_arcem9d_wei_r16/platform/sys/inp1bitparser/hx_drv_inp1bitparser.o
                0x000000001000be64                hx_drv_inp1bitparser_get_HW_hvsize
 .text.hx_drv_inp1bitparser_get_hvsize
                0x000000001000be80       0x1c obj_socket_24/gnu_arcem9d_wei_r16/platform/sys/inp1bitparser/hx_drv_inp1bitparser.o
                0x000000001000be80                hx_drv_inp1bitparser_get_hvsize
 .text.hx_drv_inp1bitparser_get_framelinelen
                0x000000001000be9c       0x2c obj_socket_24/gnu_arcem9d_wei_r16/platform/sys/inp1bitparser/hx_drv_inp1bitparser.o
                0x000000001000be9c                hx_drv_inp1bitparser_get_framelinelen
 .text.hx_drv_inp1bitparser_get_again
                0x000000001000bec8       0x14 obj_socket_24/gnu_arcem9d_wei_r16/platform/sys/inp1bitparser/hx_drv_inp1bitparser.o
                0x000000001000bec8                hx_drv_inp1bitparser_get_again
 .text.hx_drv_inp1bitparser_get_dgain
                0x000000001000bedc       0x20 obj_socket_24/gnu_arcem9d_wei_r16/platform/sys/inp1bitparser/hx_drv_inp1bitparser.o
                0x000000001000bedc                hx_drv_inp1bitparser_get_dgain
 .text.hx_drv_inp1bitparser_get_intg
                0x000000001000befc       0x1c obj_socket_24/gnu_arcem9d_wei_r16/platform/sys/inp1bitparser/hx_drv_inp1bitparser.o
                0x000000001000befc                hx_drv_inp1bitparser_get_intg
 .text.hx_drv_inp1bitparser_get_intsrc
                0x000000001000bf18       0x18 obj_socket_24/gnu_arcem9d_wei_r16/platform/sys/inp1bitparser/hx_drv_inp1bitparser.o
                0x000000001000bf18                hx_drv_inp1bitparser_get_intsrc
 .text.hx_drv_inp1bitparser_get_fstus
                0x000000001000bf30       0x1c obj_socket_24/gnu_arcem9d_wei_r16/platform/sys/inp1bitparser/hx_drv_inp1bitparser.o
                0x000000001000bf30                hx_drv_inp1bitparser_get_fstus
 .text.hx_drv_inp1bitparser_get_fc
                0x000000001000bf4c       0x24 obj_socket_24/gnu_arcem9d_wei_r16/platform/sys/inp1bitparser/hx_drv_inp1bitparser.o
                0x000000001000bf4c                hx_drv_inp1bitparser_get_fc
 .text.hx_drv_inp1bitparser_get_crc
                0x000000001000bf70       0x18 obj_socket_24/gnu_arcem9d_wei_r16/platform/sys/inp1bitparser/hx_drv_inp1bitparser.o
                0x000000001000bf70                hx_drv_inp1bitparser_get_crc
 .text.hx_drv_inp1bitparser_err_register_cb
                0x000000001000bf88       0x40 obj_socket_24/gnu_arcem9d_wei_r16/platform/sys/inp1bitparser/hx_drv_inp1bitparser.o
                0x000000001000bf88                hx_drv_inp1bitparser_err_register_cb
 .text.hx_drv_inp1bitparser_clear_int
                0x000000001000bfc8       0x10 obj_socket_24/gnu_arcem9d_wei_r16/platform/sys/inp1bitparser/hx_drv_inp1bitparser.o
                0x000000001000bfc8                hx_drv_inp1bitparser_clear_int
 .text.hx_drv_inp1bitparser_get_cycle
                0x000000001000bfd8       0x1c obj_socket_24/gnu_arcem9d_wei_r16/platform/sys/inp1bitparser/hx_drv_inp1bitparser.o
                0x000000001000bfd8                hx_drv_inp1bitparser_get_cycle
 .text.hx_drv_inp1bitparser_get_fscycle_err_cnt
                0x000000001000bff4       0x14 obj_socket_24/gnu_arcem9d_wei_r16/platform/sys/inp1bitparser/hx_drv_inp1bitparser.o
                0x000000001000bff4                hx_drv_inp1bitparser_get_fscycle_err_cnt
 .text.hx_drv_pmu_set_ctrl.part.0
                0x000000001000c008     0x1130 obj_socket_24/gnu_arcem9d_wei_r16/platform/sys/pmu/hx_drv_pmu.o
 .text.hx_drv_pmu_set_ctrl
                0x000000001000d138       0x20 obj_socket_24/gnu_arcem9d_wei_r16/platform/sys/pmu/hx_drv_pmu.o
                0x000000001000d138                hx_drv_pmu_set_ctrl
 .text.hx_drv_pmu_get_ctrl
                0x000000001000d158      0xbc8 obj_socket_24/gnu_arcem9d_wei_r16/platform/sys/pmu/hx_drv_pmu.o
                0x000000001000d158                hx_drv_pmu_get_ctrl
 .text.hx_drv_pmu_get_bootflow
                0x000000001000dd20       0x30 obj_socket_24/gnu_arcem9d_wei_r16/platform/sys/pmu/hx_drv_pmu.o
                0x000000001000dd20                hx_drv_pmu_get_bootflow
 .text.hx_drv_pmu_set_pllenable
                0x000000001000dd50       0x1c obj_socket_24/gnu_arcem9d_wei_r16/platform/sys/pmu/hx_drv_pmu.o
                0x000000001000dd50                hx_drv_pmu_set_pllenable
 .text.hx_drv_rtc_stop
                0x000000001000dd6c       0x54 obj_socket_24/gnu_arcem9d_wei_r16/platform/sys/rtc/hx_drv_rtc.o
                0x000000001000dd6c                hx_drv_rtc_stop
 .text.hx_drv_sensorctrl_WDTisr
                0x000000001000ddc0       0x1c obj_socket_24/gnu_arcem9d_wei_r16/platform/sys/sensorctrl/hx_drv_sensorctrl.o
 .text.hx_drv_sensorctrl_NFrameisr
                0x000000001000dddc       0x1c obj_socket_24/gnu_arcem9d_wei_r16/platform/sys/sensorctrl/hx_drv_sensorctrl.o
 .text.hx_drv_sensorctrl_set_allCfg
                0x000000001000ddf8       0x28 obj_socket_24/gnu_arcem9d_wei_r16/platform/sys/sensorctrl/hx_drv_sensorctrl.o
                0x000000001000ddf8                hx_drv_sensorctrl_set_allCfg
 .text.hx_drv_sensorctrl_get_defCfg
                0x000000001000de20       0x14 obj_socket_24/gnu_arcem9d_wei_r16/platform/sys/sensorctrl/hx_drv_sensorctrl.o
                0x000000001000de20                hx_drv_sensorctrl_get_defCfg
 .text.hx_drv_sensorctrl_set_CLKRSTN
                0x000000001000de34       0x38 obj_socket_24/gnu_arcem9d_wei_r16/platform/sys/sensorctrl/hx_drv_sensorctrl.o
                0x000000001000de34                hx_drv_sensorctrl_set_CLKRSTN
 .text.hx_drv_sensorctrl_set_MCLK
                0x000000001000de6c       0x44 obj_socket_24/gnu_arcem9d_wei_r16/platform/sys/sensorctrl/hx_drv_sensorctrl.o
                0x000000001000de6c                hx_drv_sensorctrl_set_MCLK
 .text.hx_drv_sensorctrl_get_MCLK
                0x000000001000deb0       0x24 obj_socket_24/gnu_arcem9d_wei_r16/platform/sys/sensorctrl/hx_drv_sensorctrl.o
                0x000000001000deb0                hx_drv_sensorctrl_get_MCLK
 .text.hx_drv_sensorctrl_set_xShutdown
                0x000000001000ded4       0x28 obj_socket_24/gnu_arcem9d_wei_r16/platform/sys/sensorctrl/hx_drv_sensorctrl.o
                0x000000001000ded4                hx_drv_sensorctrl_set_xShutdown
 .text.hx_drv_sensorctrl_register_cb
                0x000000001000defc       0x60 obj_socket_24/gnu_arcem9d_wei_r16/platform/sys/sensorctrl/hx_drv_sensorctrl.o
                0x000000001000defc                hx_drv_sensorctrl_register_cb
 .text.hx_drv_sensorctrl_set_xSleepCtrl
                0x000000001000df5c       0x24 obj_socket_24/gnu_arcem9d_wei_r16/platform/sys/sensorctrl/hx_drv_sensorctrl.o
                0x000000001000df5c                hx_drv_sensorctrl_set_xSleepCtrl
 .text.hx_drv_sensorctrl_set_xSleep
                0x000000001000df80       0x38 obj_socket_24/gnu_arcem9d_wei_r16/platform/sys/sensorctrl/hx_drv_sensorctrl.o
                0x000000001000df80                hx_drv_sensorctrl_set_xSleep
 .text.hx_drv_sensorctrl_set_CXTSWCtrl
                0x000000001000dfb8       0x24 obj_socket_24/gnu_arcem9d_wei_r16/platform/sys/sensorctrl/hx_drv_sensorctrl.o
                0x000000001000dfb8                hx_drv_sensorctrl_set_CXTSWCtrl
 .text.hx_drv_sensorctrl_set_MCLKCtrl
                0x000000001000dfdc       0x34 obj_socket_24/gnu_arcem9d_wei_r16/platform/sys/sensorctrl/hx_drv_sensorctrl.o
                0x000000001000dfdc                hx_drv_sensorctrl_set_MCLKCtrl
 .text.hx_drv_sensorctrl_get_MCLKCtrl
                0x000000001000e010       0x14 obj_socket_24/gnu_arcem9d_wei_r16/platform/sys/sensorctrl/hx_drv_sensorctrl.o
                0x000000001000e010                hx_drv_sensorctrl_get_MCLKCtrl
 .text.hx_drv_sensorctrl_set_trigger_val
                0x000000001000e024       0x1c obj_socket_24/gnu_arcem9d_wei_r16/platform/sys/sensorctrl/hx_drv_sensorctrl.o
                0x000000001000e024                hx_drv_sensorctrl_set_trigger_val
 .text.hx_drv_sensorctrl_set_trigger_ctrl
                0x000000001000e040       0x24 obj_socket_24/gnu_arcem9d_wei_r16/platform/sys/sensorctrl/hx_drv_sensorctrl.o
                0x000000001000e040                hx_drv_sensorctrl_set_trigger_ctrl
 .text.hx_drv_sensorctrl_set_wlcsp_sharepin
                0x000000001000e064      0x12c obj_socket_24/gnu_arcem9d_wei_r16/platform/sys/sensorctrl/hx_drv_sensorctrl.o
                0x000000001000e064                hx_drv_sensorctrl_set_wlcsp_sharepin
 .text.sys_timer_isr
                0x000000001000e190        0x4 obj_socket_24/gnu_arcem9d_wei_r16/platform/sys/timer/hx_drv_timer.o
 .text.std_timer_isr
                0x000000001000e194       0xa8 obj_socket_24/gnu_arcem9d_wei_r16/platform/sys/timer/hx_drv_timer.o
 .text.hx_drv_timer_init
                0x000000001000e23c       0x5c obj_socket_24/gnu_arcem9d_wei_r16/platform/sys/timer/hx_drv_timer.o
                0x000000001000e23c                hx_drv_timer_init
 .text.board_delay_ms
                0x000000001000e298        0x4 obj_socket_24/gnu_arcem9d_wei_r16/platform/sys/timer/hx_drv_timer.o
                0x000000001000e298                board_delay_ms
 .text.board_delay_cycle
                0x000000001000e29c       0x28 obj_socket_24/gnu_arcem9d_wei_r16/platform/sys/timer/hx_drv_timer.o
                0x000000001000e29c                board_delay_cycle
 .text.timer_calibrate_delay
                0x000000001000e2c4      0x1b0 obj_socket_24/gnu_arcem9d_wei_r16/platform/sys/timer/hx_drv_timer.o
                0x000000001000e2c4                timer_calibrate_delay
 .text.hx_drv_cis_init
                0x000000001000e474       0x7c obj_socket_24/gnu_arcem9d_wei_r16/external/cis/hm_common/hx_drv_CIS_common.o
                0x000000001000e474                hx_drv_cis_init
 .text.hx_drv_cis_get_reg
                0x000000001000e4f0       0x6c obj_socket_24/gnu_arcem9d_wei_r16/external/cis/hm_common/hx_drv_CIS_common.o
                0x000000001000e4f0                hx_drv_cis_get_reg
 .text.hx_drv_cis_CMU_Update
                0x000000001000e55c       0x4c obj_socket_24/gnu_arcem9d_wei_r16/external/cis/hm_common/hx_drv_CIS_common.o
                0x000000001000e55c                hx_drv_cis_CMU_Update
 .text.hx_drv_cis_set_reg
                0x000000001000e5a8       0x84 obj_socket_24/gnu_arcem9d_wei_r16/external/cis/hm_common/hx_drv_CIS_common.o
                0x000000001000e5a8                hx_drv_cis_set_reg
 .text.hx_drv_cis_setRegTable
                0x000000001000e62c      0x12c obj_socket_24/gnu_arcem9d_wei_r16/external/cis/hm_common/hx_drv_CIS_common.o
                0x000000001000e62c                hx_drv_cis_setRegTable
 .text.task_main
                0x000000001000e758       0x80 obj_socket_24/gnu_arcem9d_wei_r16/board/board.o
 .text.tx_application_define
                0x000000001000e7d8       0xbc obj_socket_24/gnu_arcem9d_wei_r16/board/board.o
                0x000000001000e7d8                tx_application_define
 .text.board_main
                0x000000001000e894       0x30 obj_socket_24/gnu_arcem9d_wei_r16/board/board.o
                0x000000001000e894                board_main
 .text.hx_board_get_version
                0x000000001000e8c4        0xc obj_socket_24/gnu_arcem9d_wei_r16/board/board.o
                0x000000001000e8c4                hx_board_get_version
 .text._txe_byte_allocate
                0x000000001000e8d0       0x70 obj_socket_24/gnu_arcem9d_wei_r16/libtx.a(txe_byte_allocate.o)
                0x000000001000e8d0                _txe_byte_allocate
 .text._txe_byte_pool_create
                0x000000001000e940      0x120 obj_socket_24/gnu_arcem9d_wei_r16/libtx.a(txe_byte_pool_create.o)
                0x000000001000e940                _txe_byte_pool_create
 .text._txe_mutex_create
                0x000000001000ea60       0xfc obj_socket_24/gnu_arcem9d_wei_r16/libtx.a(txe_mutex_create.o)
                0x000000001000ea60                _txe_mutex_create
 .text._txe_thread_create
                0x000000001000eb5c      0x250 obj_socket_24/gnu_arcem9d_wei_r16/libtx.a(txe_thread_create.o)
                0x000000001000eb5c                _txe_thread_create
 .text._txe_thread_suspend
                0x000000001000edac       0x18 obj_socket_24/gnu_arcem9d_wei_r16/libtx.a(txe_thread_suspend.o)
                0x000000001000edac                _txe_thread_suspend
 .text._tx_initialize_high_level
                0x000000001000edc4       0xa4 obj_socket_24/gnu_arcem9d_wei_r16/libtx.a(tx_initialize_high_level.o)
                0x000000001000edc4                _tx_initialize_high_level
 .text._tx_initialize_kernel_enter
                0x000000001000ee68      0x1ac obj_socket_24/gnu_arcem9d_wei_r16/libtx.a(tx_initialize_kernel_enter.o)
                0x000000001000ee68                _tx_initialize_kernel_enter
 .text          0x000000001000f014      0x1b6 obj_socket_24/gnu_arcem9d_wei_r16/libtx.a(tx_initialize_low_level.o)
                0x000000001000f014                _tx_initialize_low_level
                0x000000001000f02e                _tx_memory_error
                0x000000001000f042                _tx_instruction_error
                0x000000001000f056                _tx_ev_machine_check
                0x000000001000f06a                _tx_ev_tblmiss_inst
                0x000000001000f07e                _tx_ev_tblmiss_data
                0x000000001000f092                _tx_ev_protection_viol
                0x000000001000f0a6                _tx_ev_privilege_viol
                0x000000001000f0ba                _tx_ev_software_int
                0x000000001000f0ce                _tx_ev_trap
                0x000000001000f0e2                _tx_ev_extension
                0x000000001000f0f6                _tx_ev_divide_by_zero
                0x000000001000f10a                _tx_ev_dc_error
                0x000000001000f11e                _tx_ev_maligned
                0x000000001000f132                _tx_unsued_0
                0x000000001000f146                _tx_unused_1
                0x000000001000f15a                _tx_timer_0
                0x000000001000f176                _tx_timer_1
                0x000000001000f18e                _tx_undefined_0
                0x000000001000f1a2                _tx_undefined_1
                0x000000001000f1b6                _tx_undefined_2
 *fill*         0x000000001000f1ca        0x2 
 .text._tx_mutex_create
                0x000000001000f1cc       0x84 obj_socket_24/gnu_arcem9d_wei_r16/libtx.a(tx_mutex_create.o)
                0x000000001000f1cc                _tx_mutex_create
 .text          0x000000001000f250      0x1b4 obj_socket_24/gnu_arcem9d_wei_r16/libtx.a(tx_thread_context_restore.o)
                0x000000001000f250                _tx_thread_context_restore
 .text          0x000000001000f404       0xe0 obj_socket_24/gnu_arcem9d_wei_r16/libtx.a(tx_thread_context_save.o)
                0x000000001000f404                _tx_thread_context_save
 .text._tx_thread_create
                0x000000001000f4e4      0x240 obj_socket_24/gnu_arcem9d_wei_r16/libtx.a(tx_thread_create.o)
                0x000000001000f4e4                _tx_thread_create
 .text._tx_thread_initialize
                0x000000001000f724       0x70 obj_socket_24/gnu_arcem9d_wei_r16/libtx.a(tx_thread_initialize.o)
                0x000000001000f724                _tx_thread_initialize
 .text          0x000000001000f794      0x13a obj_socket_24/gnu_arcem9d_wei_r16/libtx.a(tx_thread_schedule.o)
                0x000000001000f794                _tx_thread_schedule
 *fill*         0x000000001000f8ce        0x2 
 .text._tx_thread_shell_entry
                0x000000001000f8d0       0xa4 obj_socket_24/gnu_arcem9d_wei_r16/libtx.a(tx_thread_shell_entry.o)
                0x000000001000f8d0                _tx_thread_shell_entry
 .text._tx_thread_sleep
                0x000000001000f974       0x80 obj_socket_24/gnu_arcem9d_wei_r16/libtx.a(tx_thread_sleep.o)
                0x000000001000f974                _tx_thread_sleep
 .text          0x000000001000f9f4       0xde obj_socket_24/gnu_arcem9d_wei_r16/libtx.a(tx_thread_stack_build.o)
                0x000000001000f9f4                _tx_thread_stack_build
 *fill*         0x000000001000fad2        0x2 
 .text._tx_thread_suspend
                0x000000001000fad4       0x88 obj_socket_24/gnu_arcem9d_wei_r16/libtx.a(tx_thread_suspend.o)
                0x000000001000fad4                _tx_thread_suspend
 .text._tx_thread_system_preempt_check
                0x000000001000fb5c       0x30 obj_socket_24/gnu_arcem9d_wei_r16/libtx.a(tx_thread_system_preempt_check.o)
                0x000000001000fb5c                _tx_thread_system_preempt_check
 .text._tx_thread_system_resume
                0x000000001000fb8c      0x158 obj_socket_24/gnu_arcem9d_wei_r16/libtx.a(tx_thread_system_resume.o)
                0x000000001000fb8c                _tx_thread_system_resume
 .text          0x000000001000fce4       0x7c obj_socket_24/gnu_arcem9d_wei_r16/libtx.a(tx_thread_system_return.o)
                0x000000001000fce4                _tx_thread_system_return
 .text._tx_thread_system_suspend
                0x000000001000fd60      0x308 obj_socket_24/gnu_arcem9d_wei_r16/libtx.a(tx_thread_system_suspend.o)
                0x000000001000fd60                _tx_thread_system_suspend
 .text._tx_thread_timeout
                0x0000000010010068       0x38 obj_socket_24/gnu_arcem9d_wei_r16/libtx.a(tx_thread_timeout.o)
                0x0000000010010068                _tx_thread_timeout
 .text          0x00000000100100a0       0x1c obj_socket_24/gnu_arcem9d_wei_r16/libtx.a(tx_timer_en.o)
                0x00000000100100a0                _tx_timer_0_en
 .text._tx_timer_initialize
                0x00000000100100bc      0x14c obj_socket_24/gnu_arcem9d_wei_r16/libtx.a(tx_timer_initialize.o)
                0x00000000100100bc                _tx_timer_initialize
 .text          0x0000000010010208       0xd4 obj_socket_24/gnu_arcem9d_wei_r16/libtx.a(tx_timer_interrupt.o)
                0x0000000010010208                _tx_timer_interrupt
 .text._tx_timer_system_activate
                0x00000000100102dc       0x68 obj_socket_24/gnu_arcem9d_wei_r16/libtx.a(tx_timer_system_activate.o)
                0x00000000100102dc                _tx_timer_system_activate
 .text._tx_timer_system_deactivate
                0x0000000010010344       0x38 obj_socket_24/gnu_arcem9d_wei_r16/libtx.a(tx_timer_system_deactivate.o)
                0x0000000010010344                _tx_timer_system_deactivate
 .text._tx_timer_thread_entry
                0x000000001001037c      0x1d4 obj_socket_24/gnu_arcem9d_wei_r16/libtx.a(tx_timer_thread_entry.o)
                0x000000001001037c                _tx_timer_thread_entry
 .text.dmac_register_callback
                0x0000000010010550       0x28 obj_socket_24/gnu_arcem9d_wei_r16/arc/arc_udma.o
                0x0000000010010550                dmac_register_callback
 .text.dmac_init_channel
                0x0000000010010578       0x1c obj_socket_24/gnu_arcem9d_wei_r16/arc/arc_udma.o
                0x0000000010010578                dmac_init_channel
 .text.dmac_reserve_channel
                0x0000000010010594       0x7c obj_socket_24/gnu_arcem9d_wei_r16/arc/arc_udma.o
                0x0000000010010594                dmac_reserve_channel
 .text.dmac_release_channel
                0x0000000010010610       0x44 obj_socket_24/gnu_arcem9d_wei_r16/arc/arc_udma.o
                0x0000000010010610                dmac_release_channel
 .text._dma_int_clear
                0x0000000010010654        0xc obj_socket_24/gnu_arcem9d_wei_r16/arc/arc_dmac.o
                0x0000000010010654                _dma_int_clear
 .text._dma_chan_reset
                0x0000000010010660        0xc obj_socket_24/gnu_arcem9d_wei_r16/arc/arc_dmac.o
                0x0000000010010660                _dma_chan_reset
 .text._dma_chan_enable
                0x000000001001066c        0xc obj_socket_24/gnu_arcem9d_wei_r16/arc/arc_dmac.o
                0x000000001001066c                _dma_chan_enable
 .text._dma_chan_desc
                0x0000000010010678        0xc obj_socket_24/gnu_arcem9d_wei_r16/arc/arc_dmac.o
                0x0000000010010678                _dma_chan_desc
 .text._dma_channel_clear
                0x0000000010010684        0xc obj_socket_24/gnu_arcem9d_wei_r16/arc/arc_dmac.o
                0x0000000010010684                _dma_channel_clear
 .text._dma_chan_desc_aux
                0x0000000010010690       0x34 obj_socket_24/gnu_arcem9d_wei_r16/arc/arc_dmac.o
                0x0000000010010690                _dma_chan_desc_aux
 .text._dma_chan_desc_get_ctrl
                0x00000000100106c4        0xc obj_socket_24/gnu_arcem9d_wei_r16/arc/arc_dmac.o
                0x00000000100106c4                _dma_chan_desc_get_ctrl
 .text._dma_chan_desc_aux_get_ctrl
                0x00000000100106d0       0x10 obj_socket_24/gnu_arcem9d_wei_r16/arc/arc_dmac.o
                0x00000000100106d0                _dma_chan_desc_aux_get_ctrl
 .text.int_handler_default
                0x00000000100106e0        0xc obj_socket_24/gnu_arcem9d_wei_r16/arc/arc_exception.o
 .text.exc_handler_default
                0x00000000100106ec       0x44 obj_socket_24/gnu_arcem9d_wei_r16/arc/arc_exception.o
 .text.exc_int_init
                0x0000000010010730       0x74 obj_socket_24/gnu_arcem9d_wei_r16/arc/arc_exception.o
                0x0000000010010730                exc_int_init
 .text.int_disable
                0x00000000100107a4       0x30 obj_socket_24/gnu_arcem9d_wei_r16/arc/arc_exception.o
                0x00000000100107a4                int_disable
 .text.int_enable
                0x00000000100107d4       0x34 obj_socket_24/gnu_arcem9d_wei_r16/arc/arc_exception.o
                0x00000000100107d4                int_enable
 .text.int_pri_set
                0x0000000010010808       0x38 obj_socket_24/gnu_arcem9d_wei_r16/arc/arc_exception.o
                0x0000000010010808                int_pri_set
 .text.cpu_lock_save
                0x0000000010010840        0x8 obj_socket_24/gnu_arcem9d_wei_r16/arc/arc_exception.o
                0x0000000010010840                cpu_lock_save
 .text.cpu_unlock_restore
                0x0000000010010848        0x8 obj_socket_24/gnu_arcem9d_wei_r16/arc/arc_exception.o
                0x0000000010010848                cpu_unlock_restore
 .text.int_handler_install
                0x0000000010010850       0x20 obj_socket_24/gnu_arcem9d_wei_r16/arc/arc_exception.o
                0x0000000010010850                int_handler_install
 .text.timer_present
                0x0000000010010870       0x2c obj_socket_24/gnu_arcem9d_wei_r16/arc/arc_timer.o
                0x0000000010010870                timer_present
 .text.timer_start
                0x000000001001089c       0x78 obj_socket_24/gnu_arcem9d_wei_r16/arc/arc_timer.o
                0x000000001001089c                timer_start
 .text.timer_stop
                0x0000000010010914       0x7c obj_socket_24/gnu_arcem9d_wei_r16/arc/arc_timer.o
                0x0000000010010914                timer_stop
 .text.timer_int_clear
                0x0000000010010990       0x3c obj_socket_24/gnu_arcem9d_wei_r16/arc/arc_timer.o
                0x0000000010010990                timer_int_clear
 .text.timer_init
                0x00000000100109cc       0x88 obj_socket_24/gnu_arcem9d_wei_r16/arc/arc_timer.o
                0x00000000100109cc                timer_init
 .text          0x0000000010010a54      0x358 obj_socket_24/gnu_arcem9d_wei_r16/arc/arc_exc_asm.o
                0x0000000010010a54                exc_entry_cpu
                0x0000000010010bc4                exc_entry_int
                0x0000000010010c70                exc_entry_firq
 .text.console_putchar
                0x0000000010010dac       0x2c obj_socket_24/gnu_arcem9d_wei_r16/library/common/console_io.o
                0x0000000010010dac                console_putchar
 .text.console_getchar
                0x0000000010010dd8       0x38 obj_socket_24/gnu_arcem9d_wei_r16/library/common/console_io.o
                0x0000000010010dd8                console_getchar
 .text.xprintf_setup
                0x0000000010010e10       0x60 obj_socket_24/gnu_arcem9d_wei_r16/library/common/console_io.o
                0x0000000010010e10                xprintf_setup
 .text.xputc    0x0000000010010e70       0x68 obj_socket_24/gnu_arcem9d_wei_r16/library/common/xprintf/xprintf.o
                0x0000000010010e70                xputc
 .text.xvprintf
                0x0000000010010ed8      0x41c obj_socket_24/gnu_arcem9d_wei_r16/library/common/xprintf/xprintf.o
                0x0000000010010ed8                xvprintf
 .text.xprintf  0x00000000100112f4       0x28 obj_socket_24/gnu_arcem9d_wei_r16/library/common/xprintf/xprintf.o
                0x00000000100112f4                xprintf
 .text.default_processing
                0x000000001001131c        0x4 obj_socket_24/gnu_arcem9d_wei_r16/library/event/event.o
 .text.default_callback
                0x0000000010011320        0x4 obj_socket_24/gnu_arcem9d_wei_r16/library/event/event.o
 .text.subs_proc_rtn_none
                0x0000000010011324       0x64 obj_socket_24/gnu_arcem9d_wei_r16/library/event/event.o
                0x0000000010011324                subs_proc_rtn_none
 .text.subs_proc_rtn_clear
                0x0000000010011388       0x44 obj_socket_24/gnu_arcem9d_wei_r16/library/event/event.o
                0x0000000010011388                subs_proc_rtn_clear
 .text.infra_evt_create
                0x00000000100113cc       0x44 obj_socket_24/gnu_arcem9d_wei_r16/library/event/event.o
                0x00000000100113cc                infra_evt_create
 .text.infra_evt_raise
                0x0000000010011410       0xc0 obj_socket_24/gnu_arcem9d_wei_r16/library/event/event.o
                0x0000000010011410                infra_evt_raise
 .text.infra_evt_raise_ISR
                0x00000000100114d0       0x24 obj_socket_24/gnu_arcem9d_wei_r16/library/event/event.o
                0x00000000100114d0                infra_evt_raise_ISR
 .text.infra_evt_clear
                0x00000000100114f4       0x8c obj_socket_24/gnu_arcem9d_wei_r16/library/event/event.o
                0x00000000100114f4                infra_evt_clear
 .text.infra_evt_clear_ISR_pendingevent
                0x0000000010011580       0x70 obj_socket_24/gnu_arcem9d_wei_r16/library/event/event.o
                0x0000000010011580                infra_evt_clear_ISR_pendingevent
 .text.infra_evt_set_priority
                0x00000000100115f0       0x10 obj_socket_24/gnu_arcem9d_wei_r16/library/event/event.o
                0x00000000100115f0                infra_evt_set_priority
 .text.infra_evt_set_callback
                0x0000000010011600       0x10 obj_socket_24/gnu_arcem9d_wei_r16/library/event/event.o
                0x0000000010011600                infra_evt_set_callback
 .text.infra_evts_init
                0x0000000010011610       0x34 obj_socket_24/gnu_arcem9d_wei_r16/library/event/event.o
                0x0000000010011610                infra_evts_init
 .text.infra_evts_execute
                0x0000000010011644       0xac obj_socket_24/gnu_arcem9d_wei_r16/library/event/event.o
                0x0000000010011644                infra_evts_execute
 .text.infra_evts_set_callback
                0x00000000100116f0        0xc obj_socket_24/gnu_arcem9d_wei_r16/library/event/event.o
                0x00000000100116f0                infra_evts_set_callback
 .text.hx_lib_i2ccomm_init
                0x00000000100116fc       0x88 obj_socket_24/gnu_arcem9d_wei_r16/library/i2c_comm/i2c_comm.o
                0x00000000100116fc                hx_lib_i2ccomm_init
 .text.hx_lib_i2ccomm_register_cb
                0x0000000010011784       0x18 obj_socket_24/gnu_arcem9d_wei_r16/library/i2c_comm/i2c_comm.o
                0x0000000010011784                hx_lib_i2ccomm_register_cb
 .text.hx_lib_i2ccomm_enable_read
                0x000000001001179c       0x20 obj_socket_24/gnu_arcem9d_wei_r16/library/i2c_comm/i2c_comm.o